../Core_app/Drivers/SE05x/middleware/sss/src/user/fsl_sss_user_impl.c:31:14:sss_user_impl_session_open	16	static
../Core_app/Drivers/SE05x/middleware/sss/src/user/fsl_sss_user_impl.c:47:14:sss_user_impl_key_object_init	24	static
../Core_app/Drivers/SE05x/middleware/sss/src/user/fsl_sss_user_impl.c:61:14:sss_user_impl_key_object_allocate_handle	16	static
../Core_app/Drivers/SE05x/middleware/sss/src/user/fsl_sss_user_impl.c:96:14:sss_user_impl_key_store_context_init	16	static
../Core_app/Drivers/SE05x/middleware/sss/src/user/fsl_sss_user_impl.c:109:14:sss_user_impl_key_store_allocate	16	static
../Core_app/Drivers/SE05x/middleware/sss/src/user/fsl_sss_user_impl.c:119:14:sss_user_impl_key_store_set_key	32	static
../Core_app/Drivers/SE05x/middleware/sss/src/user/fsl_sss_user_impl.c:145:14:sss_user_impl_key_store_get_key	24	static
../Core_app/Drivers/SE05x/middleware/sss/src/user/fsl_sss_user_impl.c:164:14:sss_user_impl_cipher_one_go	56	static
../Core_app/Drivers/SE05x/middleware/sss/src/user/fsl_sss_user_impl.c:225:14:sss_user_impl_mac_context_init	24	static
../Core_app/Drivers/SE05x/middleware/sss/src/user/fsl_sss_user_impl.c:244:14:sss_user_impl_mac_init	16	static
../Core_app/Drivers/SE05x/middleware/sss/src/user/fsl_sss_user_impl.c:257:14:sss_user_impl_mac_update	88	static
../Core_app/Drivers/SE05x/middleware/sss/src/user/fsl_sss_user_impl.c:306:14:sss_user_impl_mac_finish	48	static
../Core_app/Drivers/SE05x/middleware/sss/src/user/fsl_sss_user_impl.c:324:14:sss_user_impl_mac_one_go	1056	static
../Core_app/Drivers/SE05x/middleware/sss/src/user/fsl_sss_user_impl.c:339:6:sss_user_impl_mac_context_free	8	static
../Core_app/Drivers/SE05x/middleware/sss/src/user/fsl_sss_user_impl.c:360:14:sss_user_impl_rng_context_free	0	static
../Core_app/Drivers/SE05x/middleware/sss/src/user/fsl_sss_user_impl.c:365:14:sss_user_impl_rng_context_init	0	static
../Core_app/Drivers/SE05x/middleware/sss/src/user/fsl_sss_user_impl.c:373:14:sss_user_impl_rng_get_random	32	static
../Core_app/Drivers/SE05x/middleware/sss/src/user/fsl_sss_user_impl.c:393:6:sss_user_impl_symmetric_context_free	8	static
../Core_app/Drivers/SE05x/middleware/sss/src/user/fsl_sss_user_impl.c:403:14:sss_user_impl_symmetric_context_init	16	static
../Core_app/Drivers/SE05x/middleware/sss/src/user/fsl_sss_user_impl.c:426:14:sss_user_impl_key_store_generate_key	8	static
../Core_app/Drivers/SE05x/middleware/sss/src/user/fsl_sss_user_impl.c:433:6:sss_user_impl_key_object_free	8	static
../Core_app/Drivers/SE05x/middleware/sss/src/user/fsl_sss_user_impl.c:447:14:sss_user_impl_derive_key_context_init	8	static
../Core_app/Drivers/SE05x/middleware/sss/src/user/fsl_sss_user_impl.c:457:14:sss_user_impl_derive_key_go	8	static
../Core_app/Drivers/SE05x/middleware/sss/src/user/fsl_sss_user_impl.c:471:14:sss_user_impl_derive_key_dh	8	static
../Core_app/Drivers/SE05x/middleware/sss/src/user/fsl_sss_user_impl.c:479:6:sss_user_impl_derive_key_context_free	0	static
../Core_app/Drivers/SE05x/middleware/sss/src/user/fsl_sss_user_impl.c:485:14:sss_user_impl_asymmetric_context_init	8	static
../Core_app/Drivers/SE05x/middleware/sss/src/user/fsl_sss_user_impl.c:495:14:sss_user_impl_asymmetric_sign_digest	8	static
../Core_app/Drivers/SE05x/middleware/sss/src/user/fsl_sss_user_impl.c:502:6:sss_user_impl_asymmetric_context_free	0	static
../Core_app/Drivers/SE05x/middleware/sss/src/user/fsl_sss_user_impl.c:507:14:sss_user_impl_digest_context_init	8	static
../Core_app/Drivers/SE05x/middleware/sss/src/user/fsl_sss_user_impl.c:513:14:sss_user_impl_digest_one_go	8	static
../Core_app/Drivers/SE05x/middleware/sss/src/user/fsl_sss_user_impl.c:520:6:sss_user_impl_digest_context_free	0	static
../Core_app/Drivers/SE05x/middleware/sss/src/user/fsl_sss_user_impl.c:526:6:sss_user_impl_key_store_context_free	0	static
../Core_app/Drivers/SE05x/middleware/sss/src/user/fsl_sss_user_impl.c:533:6:sss_user_impl_session_close	0	static
