../Core_app/Middleware/Security/SE052F/security_service_se052f.c:122:13:ensure_ec_curve	40	static
../Core_app/Middleware/Security/SE052F/security_service_se052f.c:166:21:prepare_public_key_slot	32	static
../Core_app/Middleware/Security/SE052F/security_service_se052f.c:304:13:mgf1_mask	200	static
../Core_app/Middleware/Security/SE052F/security_service_se052f.c:250:13:pkcs1_v15_encode	32	static
../Core_app/Middleware/Security/SE052F/security_service_se052f.c:744:21:create_transient_secret_object	48	static
../Core_app/Middleware/Security/SE052F/security_service_se052f.c:445:14:security_service_init	120	static
../Core_app/Middleware/Security/SE052F/security_service_se052f.c:486:14:security_service_deinit	8	static
../Core_app/Middleware/Security/SE052F/security_service_se052f.c:497:6:security_service_is_ready	0	static
../Core_app/Middleware/Security/SE052F/security_service_se052f.c:502:14:security_service_get_random	16	static
../Core_app/Middleware/Security/SE052F/security_service_se052f.c:519:14:security_service_ensure_ec_keypair	56	static
../Core_app/Middleware/Security/SE052F/security_service_se052f.c:524:14:security_service_ensure_ec_keypair_ex	56	static
../Core_app/Middleware/Security/SE052F/security_service_se052f.c:572:14:security_service_ensure_rsa_keypair	104	static
../Core_app/Middleware/Security/SE052F/security_service_se052f.c:625:14:security_service_read_ec_public_key	24	static
../Core_app/Middleware/Security/SE052F/security_service_se052f.c:641:14:security_service_import_ec_public_key	56	static
../Core_app/Middleware/Security/SE052F/security_service_se052f.c:680:14:security_service_import_ec_keypair	64	static
../Core_app/Middleware/Security/SE052F/security_service_se052f.c:721:14:security_service_generate_ephemeral_ec_keypair	56	static
../Core_app/Middleware/Security/SE052F/security_service_se052f.c:757:14:security_service_ecdh_to_secret	32	static
../Core_app/Middleware/Security/SE052F/security_service_se052f.c:782:14:security_service_hkdf_to_secret	64	static
../Core_app/Middleware/Security/SE052F/security_service_se052f.c:803:14:security_service_hkdf_export	64	static
../Core_app/Middleware/Security/SE052F/security_service_se052f.c:819:14:security_service_hmac_sha256_with_secret	40	static
../Core_app/Middleware/Security/SE052F/security_service_se052f.c:832:14:security_service_ecdh_to_host	32	static
../Core_app/Middleware/Security/SE052F/security_service_se052f.c:845:14:security_service_write_transient_hmac_key	56	static
../Core_app/Middleware/Security/SE052F/security_service_se052f.c:860:14:security_service_import_rsa_public_key	112	static
../Core_app/Middleware/Security/SE052F/security_service_se052f.c:927:14:security_service_read_rsa_public_key	40	static
../Core_app/Middleware/Security/SE052F/security_service_se052f.c:954:14:security_service_delete_key	8	static
../Core_app/Middleware/Security/SE052F/security_service_se052f.c:963:6:security_service_key_exists	16	static
../Core_app/Middleware/Security/SE052F/security_service_se052f.c:974:14:security_service_store_secret	32	static
../Core_app/Middleware/Security/SE052F/security_service_se052f.c:989:14:security_service_load_secret	24	static
../Core_app/Middleware/Security/SE052F/security_service_se052f.c:1005:14:security_service_sha256	32	static
../Core_app/Middleware/Security/SE052F/security_service_se052f.c:1022:14:security_service_ecdsa_sign	32	static
../Core_app/Middleware/Security/SE052F/security_service_se052f.c:1027:14:security_service_ecdsa_verify	40	static
../Core_app/Middleware/Security/SE052F/security_service_se052f.c:1033:14:security_service_ecdsa_sign_ex	32	static
../Core_app/Middleware/Security/SE052F/security_service_se052f.c:1056:14:security_service_ecdsa_verify_ex	40	static
../Core_app/Middleware/Security/SE052F/security_service_se052f.c:1085:14:security_service_rsa_sign_digest	792	static
../Core_app/Middleware/Security/SE052F/security_service_se052f.c:1142:14:security_service_rsa_verify_digest	1168	static
../Core_app/Middleware/Security/SE052F/security_service_se052f.c:1203:14:security_service_sign_message	64	static
../Core_app/Middleware/Security/SE052F/security_service_se052f.c:1215:14:security_service_verify_message	72	static
