../Core_app/Middleware/Security/p256-m/p256-m.c:506:13:m256_add	104	static
../Core_app/Middleware/Security/p256-m/p256-m.c:543:13:m256_sub.constprop	80	static
../Core_app/Middleware/Security/p256-m/p256-m.c:579:13:m256_mul	176	static,ignoring_inline_asm
../Core_app/Middleware/Security/p256-m/p256-m.c:579:13:m256_mul.constprop	136	static,ignoring_inline_asm
../Core_app/Middleware/Security/p256-m/p256-m.c:679:13:m256_inv.constprop	56	static
../Core_app/Middleware/Security/p256-m/p256-m.c:579:13:m256_mul.constprop	144	static,ignoring_inline_asm
../Core_app/Middleware/Security/p256-m/p256-m.c:845:13:point_to_affine	64	static
../Core_app/Middleware/Security/p256-m/p256-m.c:864:13:point_double	112	static
../Core_app/Middleware/Security/p256-m/p256-m.c:912:13:point_add	120	static
../Core_app/Middleware/Security/p256-m/p256-m.c:1052:13:scalar_mult	240	static
../Core_app/Middleware/Security/p256-m/p256-m.c:1052:13:scalar_mult.constprop	344	static
../Core_app/Middleware/Security/p256-m/p256-m.c:1135:12:scalar_from_bytes	32	static
../Core_app/Middleware/Security/p256-m/p256-m.c:1008:12:point_from_bytes	96	static
../Core_app/Middleware/Security/p256-m/p256-m.c:1193:5:p256_gen_keypair	184	static
../Core_app/Middleware/Security/p256-m/p256-m.c:1214:5:p256_ecdh_shared_secret	248	static
../Core_app/Middleware/Security/p256-m/p256-m.c:1304:5:p256_ecdsa_sign	272	static
../Core_app/Middleware/Security/p256-m/p256-m.c:1378:5:p256_ecdsa_verify	344	static
