../Core_app/Drivers/SE05x/middleware/hostlib/libCommon/infra/sm_apdu.c:49:4:AllocateAPDUBuffer	16	static
../Core_app/Drivers/SE05x/middleware/hostlib/libCommon/infra/sm_apdu.c:69:4:FreeAPDUBuffer	16	static
../Core_app/Drivers/SE05x/middleware/hostlib/libCommon/infra/sm_apdu.c:90:4:SetApduHeader	16	static
../Core_app/Drivers/SE05x/middleware/hostlib/libCommon/infra/sm_apdu.c:126:6:smApduAdaptLc	16	static
../Core_app/Drivers/SE05x/middleware/hostlib/libCommon/infra/sm_apdu.c:136:6:smApduAdaptLe	16	static
../Core_app/Drivers/SE05x/middleware/hostlib/libCommon/infra/sm_apdu.c:147:6:smApduAdaptLcLe	24	static
../Core_app/Drivers/SE05x/middleware/hostlib/libCommon/infra/sm_apdu.c:264:5:smApduAppendCmdData	24	static
../Core_app/Drivers/SE05x/middleware/hostlib/libCommon/infra/sm_apdu.c:356:5:smGetSw	16	static
../Core_app/Drivers/SE05x/middleware/hostlib/libCommon/infra/sm_apdu.c:393:5:smApduGetResponseBody	16	static
../Core_app/Drivers/SE05x/middleware/hostlib/libCommon/infra/sm_apdu.c:459:6:smApduGetArrayBytes	24	static
../Core_app/Drivers/SE05x/middleware/hostlib/libCommon/infra/sm_apdu.c:485:6:smApduGetTxRxCase	16	static
