../Core_app/Drivers/SE05x/middleware/hostlib/se05x_03_xx_xx/se05x_perso_api.c:211:19:Se05x_API_Perso_SetAU8.constprop	568	static
../Core_app/Drivers/SE05x/middleware/hostlib/se05x_03_xx_xx/se05x_perso_api.c:211:19:Se05x_API_Perso_SetAU8.isra	568	static
../Core_app/Drivers/SE05x/middleware/hostlib/se05x_03_xx_xx/se05x_perso_api.c:145:19:Se05x_API_Perso_GetAU8.isra	312	static
../Core_app/Drivers/SE05x/middleware/hostlib/se05x_03_xx_xx/se05x_perso_api.c:44:12:Se05x_API_Perso_SelectApplet	144	static
../Core_app/Drivers/SE05x/middleware/hostlib/se05x_03_xx_xx/se05x_perso_api.c:107:1:Se05x_API_Perso_Set_TCL_ATS_CURRENT_HISTLEN_CHARS	16	static
../Core_app/Drivers/SE05x/middleware/hostlib/se05x_03_xx_xx/se05x_perso_api.c:107:1:Se05x_API_Perso_Get_TCL_ATS_CURRENT_HISTLEN_CHARS	16	static
../Core_app/Drivers/SE05x/middleware/hostlib/se05x_03_xx_xx/se05x_perso_api.c:112:1:Se05x_API_Perso_Set_7816_ATR_COLD_HIST_LEN_CHARS	16	static
../Core_app/Drivers/SE05x/middleware/hostlib/se05x_03_xx_xx/se05x_perso_api.c:112:1:Se05x_API_Perso_Get_7816_ATR_COLD_HIST_LEN_CHARS	16	static
../Core_app/Drivers/SE05x/middleware/hostlib/se05x_03_xx_xx/se05x_perso_api.c:113:1:Se05x_API_Perso_Set_7816_ATR_WARM_HIST_LEN_CHARS	16	static
../Core_app/Drivers/SE05x/middleware/hostlib/se05x_03_xx_xx/se05x_perso_api.c:113:1:Se05x_API_Perso_Get_7816_ATR_WARM_HIST_LEN_CHARS	16	static
../Core_app/Drivers/SE05x/middleware/hostlib/se05x_03_xx_xx/se05x_perso_api.c:114:1:Se05x_API_Perso_Set_I2C_SLAVE_ADDRESS	16	static
../Core_app/Drivers/SE05x/middleware/hostlib/se05x_03_xx_xx/se05x_perso_api.c:114:1:Se05x_API_Perso_Get_I2C_SLAVE_ADDRESS	16	static
../Core_app/Drivers/SE05x/middleware/hostlib/se05x_03_xx_xx/se05x_perso_api.c:115:1:Se05x_API_Perso_Set_I2C_PARAMS	16	static
../Core_app/Drivers/SE05x/middleware/hostlib/se05x_03_xx_xx/se05x_perso_api.c:115:1:Se05x_API_Perso_Get_I2C_PARAMS	16	static
../Core_app/Drivers/SE05x/middleware/hostlib/se05x_03_xx_xx/se05x_perso_api.c:119:1:Se05x_API_Perso_Set_FIPS_MODE_ENABLED	16	static
../Core_app/Drivers/SE05x/middleware/hostlib/se05x_03_xx_xx/se05x_perso_api.c:119:1:Se05x_API_Perso_Get_FIPS_MODE_ENABLED	16	static
../Core_app/Drivers/SE05x/middleware/hostlib/se05x_03_xx_xx/se05x_perso_api.c:131:1:Se05x_API_Perso_Set_TCL_ATS_HISTCHARS	0	static
../Core_app/Drivers/SE05x/middleware/hostlib/se05x_03_xx_xx/se05x_perso_api.c:131:1:Se05x_API_Perso_Get_TCL_ATS_HISTCHARS	0	static
../Core_app/Drivers/SE05x/middleware/hostlib/se05x_03_xx_xx/se05x_perso_api.c:132:1:Se05x_API_Perso_Set_7816_ATR_COLD_HIST	0	static
../Core_app/Drivers/SE05x/middleware/hostlib/se05x_03_xx_xx/se05x_perso_api.c:132:1:Se05x_API_Perso_Get_7816_ATR_COLD_HIST	0	static
../Core_app/Drivers/SE05x/middleware/hostlib/se05x_03_xx_xx/se05x_perso_api.c:133:1:Se05x_API_Perso_Set_7816_ATR_WARM_HIST	0	static
../Core_app/Drivers/SE05x/middleware/hostlib/se05x_03_xx_xx/se05x_perso_api.c:133:1:Se05x_API_Perso_Get_7816_ATR_WARM_HIST	0	static
../Core_app/Drivers/SE05x/middleware/hostlib/se05x_03_xx_xx/se05x_perso_api.c:134:1:Se05x_API_Perso_Set_ATR_I2C_IF_BYTES	0	static
../Core_app/Drivers/SE05x/middleware/hostlib/se05x_03_xx_xx/se05x_perso_api.c:134:1:Se05x_API_Perso_Get_ATR_I2C_IF_BYTES	0	static
../Core_app/Drivers/SE05x/middleware/hostlib/se05x_03_xx_xx/se05x_perso_api.c:135:1:Se05x_API_Perso_Set_CIP_I2C_IF_BYTES	0	static
../Core_app/Drivers/SE05x/middleware/hostlib/se05x_03_xx_xx/se05x_perso_api.c:135:1:Se05x_API_Perso_Get_CIP_I2C_IF_BYTES	0	static
../Core_app/Drivers/SE05x/middleware/hostlib/se05x_03_xx_xx/se05x_perso_api.c:136:1:Se05x_API_Perso_Set_ATR_CIP_I2C_HIST_CHARS	0	static
../Core_app/Drivers/SE05x/middleware/hostlib/se05x_03_xx_xx/se05x_perso_api.c:136:1:Se05x_API_Perso_Get_ATR_CIP_I2C_HIST_CHARS	0	static
../Core_app/Drivers/SE05x/middleware/hostlib/se05x_03_xx_xx/se05x_perso_api.c:137:1:Se05x_API_Perso_Set_DELETE_OS_MODULE	0	static
../Core_app/Drivers/SE05x/middleware/hostlib/se05x_03_xx_xx/se05x_perso_api.c:137:1:Se05x_API_Perso_Get_DELETE_OS_MODULE	0	static
