../Core_app/Drivers/SE05x/middleware/hostlib/libCommon/smCom/T1oI2C/phNxpEse_Api.c:64:11:phNxpEse_init	32	static
../Core_app/Drivers/SE05x/middleware/hostlib/libCommon/smCom/T1oI2C/phNxpEse_Api.c:113:11:phNxpEse_open	40	static
../Core_app/Drivers/SE05x/middleware/hostlib/libCommon/smCom/T1oI2C/phNxpEse_Api.c:185:11:phNxpEse_Transceive	16	static
../Core_app/Drivers/SE05x/middleware/hostlib/libCommon/smCom/T1oI2C/phNxpEse_Api.c:295:11:phNxpEse_EndOfApdu	8	static
../Core_app/Drivers/SE05x/middleware/hostlib/libCommon/smCom/T1oI2C/phNxpEse_Api.c:322:11:phNxpEse_chipReset	8	static
../Core_app/Drivers/SE05x/middleware/hostlib/libCommon/smCom/T1oI2C/phNxpEse_Api.c:271:11:phNxpEse_reset	8	static
../Core_app/Drivers/SE05x/middleware/hostlib/libCommon/smCom/T1oI2C/phNxpEse_Api.c:358:11:phNxpEse_deInit	8	static
../Core_app/Drivers/SE05x/middleware/hostlib/libCommon/smCom/T1oI2C/phNxpEse_Api.c:385:11:phNxpEse_close	16	static
../Core_app/Drivers/SE05x/middleware/hostlib/libCommon/smCom/T1oI2C/phNxpEse_Api.c:421:6:phNxpEse_waitForWTX	288	static
../Core_app/Drivers/SE05x/middleware/hostlib/libCommon/smCom/T1oI2C/phNxpEse_Api.c:506:6:phNxpEse_clearReadBuffer	272	static
../Core_app/Drivers/SE05x/middleware/hostlib/libCommon/smCom/T1oI2C/phNxpEse_Api.c:542:11:phNxpEse_read	40	static
../Core_app/Drivers/SE05x/middleware/hostlib/libCommon/smCom/T1oI2C/phNxpEse_Api.c:733:11:phNxpEse_WriteFrame	16	static
../Core_app/Drivers/SE05x/middleware/hostlib/libCommon/smCom/T1oI2C/phNxpEse_Api.c:783:11:phNxpEse_setIfsc	8	static
../Core_app/Drivers/SE05x/middleware/hostlib/libCommon/smCom/T1oI2C/phNxpEse_Api.c:803:7:phNxpEse_memset	0	static
../Core_app/Drivers/SE05x/middleware/hostlib/libCommon/smCom/T1oI2C/phNxpEse_Api.c:821:7:phNxpEse_memcpy	0	static
../Core_app/Drivers/SE05x/middleware/hostlib/libCommon/smCom/T1oI2C/phNxpEse_Api.c:836:7:phNxpEse_memalloc	0	static
../Core_app/Drivers/SE05x/middleware/hostlib/libCommon/smCom/T1oI2C/phNxpEse_Api.c:852:6:phNxpEse_free	16	static
../Core_app/Drivers/SE05x/middleware/hostlib/libCommon/smCom/T1oI2C/phNxpEse_Api.c:871:11:phNxpEse_getAtr	8	static
../Core_app/Drivers/SE05x/middleware/hostlib/libCommon/smCom/T1oI2C/phNxpEse_Api.c:918:11:phNxpEse_deepPwrDown	8	static
