../Core_app/Drivers/SE05x/middleware/sss/src/user/fsl_sss_user_impl.c:32:14:sss_user_impl_session_open	16	static
../Core_app/Drivers/SE05x/middleware/sss/src/user/fsl_sss_user_impl.c:48:14:sss_user_impl_key_object_init	24	static
../Core_app/Drivers/SE05x/middleware/sss/src/user/fsl_sss_user_impl.c:62:14:sss_user_impl_key_object_allocate_handle	16	static
../Core_app/Drivers/SE05x/middleware/sss/src/user/fsl_sss_user_impl.c:97:14:sss_user_impl_key_store_context_init	16	static
../Core_app/Drivers/SE05x/middleware/sss/src/user/fsl_sss_user_impl.c:110:14:sss_user_impl_key_store_allocate	16	static
../Core_app/Drivers/SE05x/middleware/sss/src/user/fsl_sss_user_impl.c:120:14:sss_user_impl_key_store_set_key	32	static
../Core_app/Drivers/SE05x/middleware/sss/src/user/fsl_sss_user_impl.c:146:14:sss_user_impl_key_store_get_key	24	static
../Core_app/Drivers/SE05x/middleware/sss/src/user/fsl_sss_user_impl.c:165:14:sss_user_impl_cipher_one_go	48	static
../Core_app/Drivers/SE05x/middleware/sss/src/user/fsl_sss_user_impl.c:226:14:sss_user_impl_mac_context_init	24	static
../Core_app/Drivers/SE05x/middleware/sss/src/user/fsl_sss_user_impl.c:245:14:sss_user_impl_mac_init	16	static
../Core_app/Drivers/SE05x/middleware/sss/src/user/fsl_sss_user_impl.c:258:14:sss_user_impl_mac_update	88	static
../Core_app/Drivers/SE05x/middleware/sss/src/user/fsl_sss_user_impl.c:307:14:sss_user_impl_mac_finish	48	static
../Core_app/Drivers/SE05x/middleware/sss/src/user/fsl_sss_user_impl.c:325:14:sss_user_impl_mac_one_go	1056	static
../Core_app/Drivers/SE05x/middleware/sss/src/user/fsl_sss_user_impl.c:340:6:sss_user_impl_mac_context_free	8	static
../Core_app/Drivers/SE05x/middleware/sss/src/user/fsl_sss_user_impl.c:361:14:sss_user_impl_rng_context_free	0	static
../Core_app/Drivers/SE05x/middleware/sss/src/user/fsl_sss_user_impl.c:366:14:sss_user_impl_rng_context_init	0	static
../Core_app/Drivers/SE05x/middleware/sss/src/user/fsl_sss_user_impl.c:378:28:se05x_port_host_random	24	static
../Core_app/Drivers/SE05x/middleware/sss/src/user/fsl_sss_user_impl.c:393:14:sss_user_impl_rng_get_random	16	static
../Core_app/Drivers/SE05x/middleware/sss/src/user/fsl_sss_user_impl.c:404:6:sss_user_impl_symmetric_context_free	8	static
../Core_app/Drivers/SE05x/middleware/sss/src/user/fsl_sss_user_impl.c:414:14:sss_user_impl_symmetric_context_init	16	static
../Core_app/Drivers/SE05x/middleware/sss/src/user/fsl_sss_user_impl.c:437:14:sss_user_impl_key_store_generate_key	8	static
../Core_app/Drivers/SE05x/middleware/sss/src/user/fsl_sss_user_impl.c:444:6:sss_user_impl_key_object_free	8	static
../Core_app/Drivers/SE05x/middleware/sss/src/user/fsl_sss_user_impl.c:458:14:sss_user_impl_derive_key_context_init	8	static
../Core_app/Drivers/SE05x/middleware/sss/src/user/fsl_sss_user_impl.c:468:14:sss_user_impl_derive_key_go	8	static
../Core_app/Drivers/SE05x/middleware/sss/src/user/fsl_sss_user_impl.c:482:14:sss_user_impl_derive_key_dh	8	static
../Core_app/Drivers/SE05x/middleware/sss/src/user/fsl_sss_user_impl.c:490:6:sss_user_impl_derive_key_context_free	0	static
../Core_app/Drivers/SE05x/middleware/sss/src/user/fsl_sss_user_impl.c:496:14:sss_user_impl_asymmetric_context_init	8	static
../Core_app/Drivers/SE05x/middleware/sss/src/user/fsl_sss_user_impl.c:506:14:sss_user_impl_asymmetric_sign_digest	8	static
../Core_app/Drivers/SE05x/middleware/sss/src/user/fsl_sss_user_impl.c:513:6:sss_user_impl_asymmetric_context_free	0	static
../Core_app/Drivers/SE05x/middleware/sss/src/user/fsl_sss_user_impl.c:518:14:sss_user_impl_digest_context_init	8	static
../Core_app/Drivers/SE05x/middleware/sss/src/user/fsl_sss_user_impl.c:524:14:sss_user_impl_digest_one_go	8	static
../Core_app/Drivers/SE05x/middleware/sss/src/user/fsl_sss_user_impl.c:531:6:sss_user_impl_digest_context_free	0	static
../Core_app/Drivers/SE05x/middleware/sss/src/user/fsl_sss_user_impl.c:537:6:sss_user_impl_key_store_context_free	0	static
../Core_app/Drivers/SE05x/middleware/sss/src/user/fsl_sss_user_impl.c:544:6:sss_user_impl_session_close	0	static
