D:/Workspace/SDQRNG_V8Y/Drivers/STM32H7RSxx_HAL_Driver/Src/stm32h7rsxx_hal_adc_ex.c:121:19:HAL_ADCEx_Calibration_Start	24	static
D:/Workspace/SDQRNG_V8Y/Drivers/STM32H7RSxx_HAL_Driver/Src/stm32h7rsxx_hal_adc_ex.c:195:10:HAL_ADCEx_Calibration_GetValue	0	static
D:/Workspace/SDQRNG_V8Y/Drivers/STM32H7RSxx_HAL_Driver/Src/stm32h7rsxx_hal_adc_ex.c:215:19:HAL_ADCEx_Calibration_SetValue	12	static
D:/Workspace/SDQRNG_V8Y/Drivers/STM32H7RSxx_HAL_Driver/Src/stm32h7rsxx_hal_adc_ex.c:272:19:HAL_ADCEx_InjectedStart	16	static
D:/Workspace/SDQRNG_V8Y/Drivers/STM32H7RSxx_HAL_Driver/Src/stm32h7rsxx_hal_adc_ex.c:421:19:HAL_ADCEx_InjectedStop	8	static
D:/Workspace/SDQRNG_V8Y/Drivers/STM32H7RSxx_HAL_Driver/Src/stm32h7rsxx_hal_adc_ex.c:476:19:HAL_ADCEx_InjectedPollForConversion	32	static
D:/Workspace/SDQRNG_V8Y/Drivers/STM32H7RSxx_HAL_Driver/Src/stm32h7rsxx_hal_adc_ex.c:617:19:HAL_ADCEx_InjectedStart_IT	16	static
D:/Workspace/SDQRNG_V8Y/Drivers/STM32H7RSxx_HAL_Driver/Src/stm32h7rsxx_hal_adc_ex.c:790:19:HAL_ADCEx_InjectedStop_IT	8	static
D:/Workspace/SDQRNG_V8Y/Drivers/STM32H7RSxx_HAL_Driver/Src/stm32h7rsxx_hal_adc_ex.c:857:19:HAL_ADCEx_MultiModeStart_DMA	240	static
D:/Workspace/SDQRNG_V8Y/Drivers/STM32H7RSxx_HAL_Driver/Src/stm32h7rsxx_hal_adc_ex.c:1037:19:HAL_ADCEx_MultiModeStop_DMA	120	static
D:/Workspace/SDQRNG_V8Y/Drivers/STM32H7RSxx_HAL_Driver/Src/stm32h7rsxx_hal_adc_ex.c:1160:10:HAL_ADCEx_MultiModeGetValue	0	static
D:/Workspace/SDQRNG_V8Y/Drivers/STM32H7RSxx_HAL_Driver/Src/stm32h7rsxx_hal_adc_ex.c:1207:10:HAL_ADCEx_InjectedGetValue	0	static
D:/Workspace/SDQRNG_V8Y/Drivers/STM32H7RSxx_HAL_Driver/Src/stm32h7rsxx_hal_adc_ex.c:1242:13:HAL_ADCEx_InjectedConvCpltCallback	0	static
D:/Workspace/SDQRNG_V8Y/Drivers/STM32H7RSxx_HAL_Driver/Src/stm32h7rsxx_hal_adc_ex.c:1261:13:HAL_ADCEx_InjectedQueueOverflowCallback	0	static
D:/Workspace/SDQRNG_V8Y/Drivers/STM32H7RSxx_HAL_Driver/Src/stm32h7rsxx_hal_adc_ex.c:1276:13:HAL_ADCEx_LevelOutOfWindow2Callback	0	static
D:/Workspace/SDQRNG_V8Y/Drivers/STM32H7RSxx_HAL_Driver/Src/stm32h7rsxx_hal_adc_ex.c:1291:13:HAL_ADCEx_LevelOutOfWindow3Callback	0	static
D:/Workspace/SDQRNG_V8Y/Drivers/STM32H7RSxx_HAL_Driver/Src/stm32h7rsxx_hal_adc_ex.c:1307:13:HAL_ADCEx_EndOfSamplingCallback	0	static
D:/Workspace/SDQRNG_V8Y/Drivers/STM32H7RSxx_HAL_Driver/Src/stm32h7rsxx_hal_adc_ex.c:1324:19:HAL_ADCEx_RegularStop	8	static
D:/Workspace/SDQRNG_V8Y/Drivers/STM32H7RSxx_HAL_Driver/Src/stm32h7rsxx_hal_adc_ex.c:1382:19:HAL_ADCEx_RegularStop_IT	8	static
D:/Workspace/SDQRNG_V8Y/Drivers/STM32H7RSxx_HAL_Driver/Src/stm32h7rsxx_hal_adc_ex.c:1442:19:HAL_ADCEx_RegularStop_DMA	16	static
D:/Workspace/SDQRNG_V8Y/Drivers/STM32H7RSxx_HAL_Driver/Src/stm32h7rsxx_hal_adc_ex.c:1530:19:HAL_ADCEx_RegularMultiModeStop_DMA	120	static
D:/Workspace/SDQRNG_V8Y/Drivers/STM32H7RSxx_HAL_Driver/Src/stm32h7rsxx_hal_adc_ex.c:1715:19:HAL_ADCEx_InjectedConfigChannel	32	static,ignoring_inline_asm
D:/Workspace/SDQRNG_V8Y/Drivers/STM32H7RSxx_HAL_Driver/Src/stm32h7rsxx_hal_adc_ex.c:2178:19:HAL_ADCEx_MultiModeConfigChannel	120	static
D:/Workspace/SDQRNG_V8Y/Drivers/STM32H7RSxx_HAL_Driver/Src/stm32h7rsxx_hal_adc_ex.c:2296:19:HAL_ADCEx_EnableInjectedQueue	0	static
D:/Workspace/SDQRNG_V8Y/Drivers/STM32H7RSxx_HAL_Driver/Src/stm32h7rsxx_hal_adc_ex.c:2337:19:HAL_ADCEx_DisableInjectedQueue	0	static
D:/Workspace/SDQRNG_V8Y/Drivers/STM32H7RSxx_HAL_Driver/Src/stm32h7rsxx_hal_adc_ex.c:2374:19:HAL_ADCEx_DisableVoltageRegulator	0	static
D:/Workspace/SDQRNG_V8Y/Drivers/STM32H7RSxx_HAL_Driver/Src/stm32h7rsxx_hal_adc_ex.c:2411:19:HAL_ADCEx_EnterADCDeepPowerDownMode	0	static
