D:/Workspace/SDQRNG_V8Y/Drivers/STM32H7RSxx_HAL_Driver/Src/stm32h7rsxx_hal_cryp.c:4048:13:CRYP_SetKey	0	static
D:/Workspace/SDQRNG_V8Y/Drivers/STM32H7RSxx_HAL_Driver/Src/stm32h7rsxx_hal_cryp.c:7730:26:CRYP_WaitOnBUSYFlag	24	static
D:/Workspace/SDQRNG_V8Y/Drivers/STM32H7RSxx_HAL_Driver/Src/stm32h7rsxx_hal_cryp.c:7175:26:CRYP_GCMCCM_SetHeaderPhase_DMA	88	static
D:/Workspace/SDQRNG_V8Y/Drivers/STM32H7RSxx_HAL_Driver/Src/stm32h7rsxx_hal_cryp.c:6906:26:CRYP_GCMCCM_SetHeaderPhase	96	static
D:/Workspace/SDQRNG_V8Y/Drivers/STM32H7RSxx_HAL_Driver/Src/stm32h7rsxx_hal_cryp.c:659:19:HAL_CRYP_SetConfig	16	static
D:/Workspace/SDQRNG_V8Y/Drivers/STM32H7RSxx_HAL_Driver/Src/stm32h7rsxx_hal_cryp.c:777:19:HAL_CRYP_GetConfig	20	static
D:/Workspace/SDQRNG_V8Y/Drivers/STM32H7RSxx_HAL_Driver/Src/stm32h7rsxx_hal_cryp.c:833:13:HAL_CRYP_MspInit	0	static
D:/Workspace/SDQRNG_V8Y/Drivers/STM32H7RSxx_HAL_Driver/Src/stm32h7rsxx_hal_cryp.c:454:19:HAL_CRYP_Init	32	static
D:/Workspace/SDQRNG_V8Y/Drivers/STM32H7RSxx_HAL_Driver/Src/stm32h7rsxx_hal_cryp.c:849:13:HAL_CRYP_MspDeInit	0	static
D:/Workspace/SDQRNG_V8Y/Drivers/STM32H7RSxx_HAL_Driver/Src/stm32h7rsxx_hal_cryp.c:595:19:HAL_CRYP_DeInit	8	static
D:/Workspace/SDQRNG_V8Y/Drivers/STM32H7RSxx_HAL_Driver/Src/stm32h7rsxx_hal_cryp.c:2305:10:HAL_CRYP_GetError	0	static
D:/Workspace/SDQRNG_V8Y/Drivers/STM32H7RSxx_HAL_Driver/Src/stm32h7rsxx_hal_cryp.c:2316:23:HAL_CRYP_GetState	0	static
D:/Workspace/SDQRNG_V8Y/Drivers/STM32H7RSxx_HAL_Driver/Src/stm32h7rsxx_hal_cryp.c:2327:13:HAL_CRYP_InCpltCallback	0	static
D:/Workspace/SDQRNG_V8Y/Drivers/STM32H7RSxx_HAL_Driver/Src/stm32h7rsxx_hal_cryp.c:4504:26:CRYP_AESGCM_Process_IT	80	static
D:/Workspace/SDQRNG_V8Y/Drivers/STM32H7RSxx_HAL_Driver/Src/stm32h7rsxx_hal_cryp.c:5739:26:CRYP_AESCCM_Process_IT	16	static
D:/Workspace/SDQRNG_V8Y/Drivers/STM32H7RSxx_HAL_Driver/Src/stm32h7rsxx_hal_cryp.c:1685:19:HAL_CRYP_Encrypt_IT	16	static
D:/Workspace/SDQRNG_V8Y/Drivers/STM32H7RSxx_HAL_Driver/Src/stm32h7rsxx_hal_cryp.c:1792:19:HAL_CRYP_Decrypt_IT	24	static
D:/Workspace/SDQRNG_V8Y/Drivers/STM32H7RSxx_HAL_Driver/Src/stm32h7rsxx_hal_cryp.c:3263:13:CRYP_DMAInCplt	8	static
D:/Workspace/SDQRNG_V8Y/Drivers/STM32H7RSxx_HAL_Driver/Src/stm32h7rsxx_hal_cryp.c:7441:13:CRYP_GCMCCM_SetHeaderPhase_IT	80	static
D:/Workspace/SDQRNG_V8Y/Drivers/STM32H7RSxx_HAL_Driver/Src/stm32h7rsxx_hal_cryp.c:2343:13:HAL_CRYP_OutCpltCallback	0	static
D:/Workspace/SDQRNG_V8Y/Drivers/STM32H7RSxx_HAL_Driver/Src/stm32h7rsxx_hal_cryp.c:6524:13:CRYP_GCMCCM_SetPayloadPhase_IT	40	static
D:/Workspace/SDQRNG_V8Y/Drivers/STM32H7RSxx_HAL_Driver/Src/stm32h7rsxx_hal_cryp.c:2359:13:HAL_CRYP_ErrorCallback	0	static
D:/Workspace/SDQRNG_V8Y/Drivers/STM32H7RSxx_HAL_Driver/Src/stm32h7rsxx_hal_cryp.c:3682:13:CRYP_AES_ProcessData	40	static
D:/Workspace/SDQRNG_V8Y/Drivers/STM32H7RSxx_HAL_Driver/Src/stm32h7rsxx_hal_cryp.c:4126:26:CRYP_AESGCM_Process	48	static
D:/Workspace/SDQRNG_V8Y/Drivers/STM32H7RSxx_HAL_Driver/Src/stm32h7rsxx_hal_cryp.c:5335:26:CRYP_AESCCM_Process	48	static
D:/Workspace/SDQRNG_V8Y/Drivers/STM32H7RSxx_HAL_Driver/Src/stm32h7rsxx_hal_cryp.c:1462:19:HAL_CRYP_Encrypt	16	static
D:/Workspace/SDQRNG_V8Y/Drivers/STM32H7RSxx_HAL_Driver/Src/stm32h7rsxx_hal_cryp.c:1574:19:HAL_CRYP_Decrypt	24	static
D:/Workspace/SDQRNG_V8Y/Drivers/STM32H7RSxx_HAL_Driver/Src/stm32h7rsxx_hal_cryp.c:3542:13:CRYP_SetDMAConfig	24	static
D:/Workspace/SDQRNG_V8Y/Drivers/STM32H7RSxx_HAL_Driver/Src/stm32h7rsxx_hal_cryp.c:3300:13:CRYP_DMAOutCplt	24	static
D:/Workspace/SDQRNG_V8Y/Drivers/STM32H7RSxx_HAL_Driver/Src/stm32h7rsxx_hal_cryp.c:3513:13:CRYP_DMAError	8	static
D:/Workspace/SDQRNG_V8Y/Drivers/STM32H7RSxx_HAL_Driver/Src/stm32h7rsxx_hal_cryp.c:4976:26:CRYP_AESGCM_Process_DMA	64	static
D:/Workspace/SDQRNG_V8Y/Drivers/STM32H7RSxx_HAL_Driver/Src/stm32h7rsxx_hal_cryp.c:6169:26:CRYP_AESCCM_Process_DMA	48	static
D:/Workspace/SDQRNG_V8Y/Drivers/STM32H7RSxx_HAL_Driver/Src/stm32h7rsxx_hal_cryp.c:1901:19:HAL_CRYP_Encrypt_DMA	16	static
D:/Workspace/SDQRNG_V8Y/Drivers/STM32H7RSxx_HAL_Driver/Src/stm32h7rsxx_hal_cryp.c:2075:19:HAL_CRYP_Decrypt_DMA	24	static
D:/Workspace/SDQRNG_V8Y/Drivers/STM32H7RSxx_HAL_Driver/Src/stm32h7rsxx_hal_cryp.c:3814:13:CRYP_AES_IT	40	static
D:/Workspace/SDQRNG_V8Y/Drivers/STM32H7RSxx_HAL_Driver/Src/stm32h7rsxx_hal_cryp.c:2193:6:HAL_CRYP_IRQHandler	8	static
