D:/Workspace/SDQRNG_V8Y/Drivers/STM32H7RSxx_HAL_Driver/Src/stm32h7rsxx_hal_flash.c:798:13:FLASH_Program_DoubleWord	0	static,ignoring_inline_asm
D:/Workspace/SDQRNG_V8Y/Drivers/STM32H7RSxx_HAL_Driver/Src/stm32h7rsxx_hal_flash.c:449:13:HAL_FLASH_EndOfOperationCallback	0	static
D:/Workspace/SDQRNG_V8Y/Drivers/STM32H7RSxx_HAL_Driver/Src/stm32h7rsxx_hal_flash.c:467:13:HAL_FLASH_OperationErrorCallback	0	static
D:/Workspace/SDQRNG_V8Y/Drivers/STM32H7RSxx_HAL_Driver/Src/stm32h7rsxx_hal_flash.c:326:6:HAL_FLASH_IRQHandler	16	static
D:/Workspace/SDQRNG_V8Y/Drivers/STM32H7RSxx_HAL_Driver/Src/stm32h7rsxx_hal_flash.c:500:19:HAL_FLASH_Unlock	0	static
D:/Workspace/SDQRNG_V8Y/Drivers/STM32H7RSxx_HAL_Driver/Src/stm32h7rsxx_hal_flash.c:522:19:HAL_FLASH_Lock	0	static
D:/Workspace/SDQRNG_V8Y/Drivers/STM32H7RSxx_HAL_Driver/Src/stm32h7rsxx_hal_flash.c:540:19:HAL_FLASH_OB_Unlock	0	static
D:/Workspace/SDQRNG_V8Y/Drivers/STM32H7RSxx_HAL_Driver/Src/stm32h7rsxx_hal_flash.c:562:19:HAL_FLASH_OB_Lock	0	static
D:/Workspace/SDQRNG_V8Y/Drivers/STM32H7RSxx_HAL_Driver/Src/stm32h7rsxx_hal_flash.c:609:10:HAL_FLASH_GetError	0	static
D:/Workspace/SDQRNG_V8Y/Drivers/STM32H7RSxx_HAL_Driver/Src/stm32h7rsxx_hal_flash.c:633:19:FLASH_WaitForLastOperation	24	static
D:/Workspace/SDQRNG_V8Y/Drivers/STM32H7RSxx_HAL_Driver/Src/stm32h7rsxx_hal_flash.c:157:19:HAL_FLASH_Program	24	static,ignoring_inline_asm
D:/Workspace/SDQRNG_V8Y/Drivers/STM32H7RSxx_HAL_Driver/Src/stm32h7rsxx_hal_flash.c:243:19:HAL_FLASH_Program_IT	32	static,ignoring_inline_asm
