D:/Workspace/SDQRNG_V8Y/Drivers/STM32H7RSxx_HAL_Driver/Src/stm32h7rsxx_hal_hash.c:2524:13:HASH_WriteData	16	static
D:/Workspace/SDQRNG_V8Y/Drivers/STM32H7RSxx_HAL_Driver/Src/stm32h7rsxx_hal_hash.c:2983:13:HASH_GetDigest	0	static
D:/Workspace/SDQRNG_V8Y/Drivers/STM32H7RSxx_HAL_Driver/Src/stm32h7rsxx_hal_hash.c:304:19:HAL_HASH_SetConfig	12	static
D:/Workspace/SDQRNG_V8Y/Drivers/STM32H7RSxx_HAL_Driver/Src/stm32h7rsxx_hal_hash.c:364:19:HAL_HASH_GetConfig	12	static
D:/Workspace/SDQRNG_V8Y/Drivers/STM32H7RSxx_HAL_Driver/Src/stm32h7rsxx_hal_hash.c:406:13:HAL_HASH_MspInit	0	static
D:/Workspace/SDQRNG_V8Y/Drivers/STM32H7RSxx_HAL_Driver/Src/stm32h7rsxx_hal_hash.c:187:19:HAL_HASH_Init	16	static
D:/Workspace/SDQRNG_V8Y/Drivers/STM32H7RSxx_HAL_Driver/Src/stm32h7rsxx_hal_hash.c:422:13:HAL_HASH_MspDeInit	0	static
D:/Workspace/SDQRNG_V8Y/Drivers/STM32H7RSxx_HAL_Driver/Src/stm32h7rsxx_hal_hash.c:258:19:HAL_HASH_DeInit	16	static
D:/Workspace/SDQRNG_V8Y/Drivers/STM32H7RSxx_HAL_Driver/Src/stm32h7rsxx_hal_hash.c:857:19:HAL_HASH_Start	24	static
D:/Workspace/SDQRNG_V8Y/Drivers/STM32H7RSxx_HAL_Driver/Src/stm32h7rsxx_hal_hash.c:1143:19:HAL_HASH_Accumulate	32	static
D:/Workspace/SDQRNG_V8Y/Drivers/STM32H7RSxx_HAL_Driver/Src/stm32h7rsxx_hal_hash.c:1211:19:HAL_HASH_AccumulateLast	24	static
D:/Workspace/SDQRNG_V8Y/Drivers/STM32H7RSxx_HAL_Driver/Src/stm32h7rsxx_hal_hash.c:1468:19:HAL_HASH_HMAC_Start	40	static
D:/Workspace/SDQRNG_V8Y/Drivers/STM32H7RSxx_HAL_Driver/Src/stm32h7rsxx_hal_hash.c:1604:19:HAL_HASH_HMAC_Accumulate	48	static
D:/Workspace/SDQRNG_V8Y/Drivers/STM32H7RSxx_HAL_Driver/Src/stm32h7rsxx_hal_hash.c:1706:19:HAL_HASH_HMAC_AccumulateLast	24	static
D:/Workspace/SDQRNG_V8Y/Drivers/STM32H7RSxx_HAL_Driver/Src/stm32h7rsxx_hal_hash.c:2280:13:HAL_HASH_InCpltCallback	0	static
D:/Workspace/SDQRNG_V8Y/Drivers/STM32H7RSxx_HAL_Driver/Src/stm32h7rsxx_hal_hash.c:2298:13:HAL_HASH_DgstCpltCallback	0	static
D:/Workspace/SDQRNG_V8Y/Drivers/STM32H7RSxx_HAL_Driver/Src/stm32h7rsxx_hal_hash.c:2316:13:HAL_HASH_ErrorCallback	0	static
D:/Workspace/SDQRNG_V8Y/Drivers/STM32H7RSxx_HAL_Driver/Src/stm32h7rsxx_hal_hash.c:2587:26:HASH_WriteData_IT	24	static
D:/Workspace/SDQRNG_V8Y/Drivers/STM32H7RSxx_HAL_Driver/Src/stm32h7rsxx_hal_hash.c:933:19:HAL_HASH_Start_IT	4	static
D:/Workspace/SDQRNG_V8Y/Drivers/STM32H7RSxx_HAL_Driver/Src/stm32h7rsxx_hal_hash.c:1294:19:HAL_HASH_Accumulate_IT	16	static
D:/Workspace/SDQRNG_V8Y/Drivers/STM32H7RSxx_HAL_Driver/Src/stm32h7rsxx_hal_hash.c:1358:19:HAL_HASH_AccumulateLast_IT	8	static
D:/Workspace/SDQRNG_V8Y/Drivers/STM32H7RSxx_HAL_Driver/Src/stm32h7rsxx_hal_hash.c:1796:19:HAL_HASH_HMAC_Start_IT	8	static
D:/Workspace/SDQRNG_V8Y/Drivers/STM32H7RSxx_HAL_Driver/Src/stm32h7rsxx_hal_hash.c:1888:19:HAL_HASH_HMAC_Accumulate_IT	16	static
D:/Workspace/SDQRNG_V8Y/Drivers/STM32H7RSxx_HAL_Driver/Src/stm32h7rsxx_hal_hash.c:1969:19:HAL_HASH_HMAC_AccumulateLast_IT	8	static
D:/Workspace/SDQRNG_V8Y/Drivers/STM32H7RSxx_HAL_Driver/Src/stm32h7rsxx_hal_hash.c:1001:19:HAL_HASH_Start_DMA	16	static
D:/Workspace/SDQRNG_V8Y/Drivers/STM32H7RSxx_HAL_Driver/Src/stm32h7rsxx_hal_hash.c:2501:13:HASH_DMAError	8	static
D:/Workspace/SDQRNG_V8Y/Drivers/STM32H7RSxx_HAL_Driver/Src/stm32h7rsxx_hal_hash.c:2365:13:HASH_DMAXferCplt	24	static
D:/Workspace/SDQRNG_V8Y/Drivers/STM32H7RSxx_HAL_Driver/Src/stm32h7rsxx_hal_hash.c:2025:19:HAL_HASH_HMAC_Start_DMA	16	static
D:/Workspace/SDQRNG_V8Y/Drivers/STM32H7RSxx_HAL_Driver/Src/stm32h7rsxx_hal_hash.c:2221:6:HAL_HASH_IRQHandler	16	static
D:/Workspace/SDQRNG_V8Y/Drivers/STM32H7RSxx_HAL_Driver/Src/stm32h7rsxx_hal_hash.c:2332:23:HAL_HASH_GetState	0	static
D:/Workspace/SDQRNG_V8Y/Drivers/STM32H7RSxx_HAL_Driver/Src/stm32h7rsxx_hal_hash.c:2342:10:HAL_HASH_GetError	0	static
