../Core_app/Drivers/SE05x/middleware/hostlib/libCommon/smCom/T1oI2C/phNxpEseProto7816_3.c:376:16:phNxpEseProto7816_sendRframe	24	static
../Core_app/Drivers/SE05x/middleware/hostlib/libCommon/smCom/T1oI2C/phNxpEseProto7816_3.c:227:15:phNxpEseProto7816_SendSFrame	24	static
../Core_app/Drivers/SE05x/middleware/hostlib/libCommon/smCom/T1oI2C/phNxpEseProto7816_3.c:435:15:phNxpEseProto7816_SendIframe.isra	296	static
../Core_app/Drivers/SE05x/middleware/hostlib/libCommon/smCom/T1oI2C/phNxpEseProto7816_3.c:1234:15:TransceiveProcess	48	static
../Core_app/Drivers/SE05x/middleware/hostlib/libCommon/smCom/T1oI2C/phNxpEseProto7816_3.c:210:9:getMaxSupportedSendIFrameSize	0	static
../Core_app/Drivers/SE05x/middleware/hostlib/libCommon/smCom/T1oI2C/phNxpEseProto7816_3.c:1336:8:phNxpEseProto7816_Transceive	16	static
../Core_app/Drivers/SE05x/middleware/hostlib/libCommon/smCom/T1oI2C/phNxpEseProto7816_3.c:1402:8:phNxpEseProto7816_ResetProtoParams	16	static
../Core_app/Drivers/SE05x/middleware/hostlib/libCommon/smCom/T1oI2C/phNxpEseProto7816_3.c:1451:8:phNxpEseProto7816_Reset	16	static
../Core_app/Drivers/SE05x/middleware/hostlib/libCommon/smCom/T1oI2C/phNxpEseProto7816_3.c:1472:8:phNxpEseProto7816_Open	56	static
../Core_app/Drivers/SE05x/middleware/hostlib/libCommon/smCom/T1oI2C/phNxpEseProto7816_3.c:1528:8:phNxpEseProto7816_Close	16	static
../Core_app/Drivers/SE05x/middleware/hostlib/libCommon/smCom/T1oI2C/phNxpEseProto7816_3.c:1576:8:phNxpEseProto7816_IntfReset	24	static
../Core_app/Drivers/SE05x/middleware/hostlib/libCommon/smCom/T1oI2C/phNxpEseProto7816_3.c:1615:8:phNxpEseProto7816_ChipReset	16	static
../Core_app/Drivers/SE05x/middleware/hostlib/libCommon/smCom/T1oI2C/phNxpEseProto7816_3.c:1712:8:phNxpEseProto7816_SetIfscSize	0	static
../Core_app/Drivers/SE05x/middleware/hostlib/libCommon/smCom/T1oI2C/phNxpEseProto7816_3.c:1729:8:phNxpEseProto7816_WTXRsp	0	static
../Core_app/Drivers/SE05x/middleware/hostlib/libCommon/smCom/T1oI2C/phNxpEseProto7816_3.c:1748:8:phNxpEseProto7816_SendRSync	0	static
../Core_app/Drivers/SE05x/middleware/hostlib/libCommon/smCom/T1oI2C/phNxpEseProto7816_3.c:1768:8:phNxpEseProto7816_GetAtr	24	static
../Core_app/Drivers/SE05x/middleware/hostlib/libCommon/smCom/T1oI2C/phNxpEseProto7816_3.c:1845:8:phNxpEseProto7816_Deep_Pwr_Down	8	static
