D:/Workspace/SDQRNG_V8Y/Middlewares/ST/STM32_ExtMem_Manager/sal/stm32_sal_xspi.c:182:19:SAL_XSPI_SetClock	12	static
D:/Workspace/SDQRNG_V8Y/Middlewares/ST/STM32_ExtMem_Manager/sal/stm32_sal_xspi.c:227:19:SAL_XSPI_Init	96	static
D:/Workspace/SDQRNG_V8Y/Middlewares/ST/STM32_ExtMem_Manager/sal/stm32_sal_xspi.c:275:19:SAL_XSPI_MemoryConfig	136	static
D:/Workspace/SDQRNG_V8Y/Middlewares/ST/STM32_ExtMem_Manager/sal/stm32_sal_xspi.c:468:19:SAL_XSPI_GetSFDP	104	static
D:/Workspace/SDQRNG_V8Y/Middlewares/ST/STM32_ExtMem_Manager/sal/stm32_sal_xspi.c:521:19:SAL_XSPI_GetId	96	static
D:/Workspace/SDQRNG_V8Y/Middlewares/ST/STM32_ExtMem_Manager/sal/stm32_sal_xspi.c:1075:19:SAL_XSPI_DisableMapMode	0	static,ignoring_inline_asm
D:/Workspace/SDQRNG_V8Y/Middlewares/ST/STM32_ExtMem_Manager/sal/stm32_sal_xspi.c:1087:19:SAL_XSPI_UpdateMemoryType	0	static
D:/Workspace/SDQRNG_V8Y/Middlewares/ST/STM32_ExtMem_Manager/sal/stm32_sal_xspi.c:1123:19:SAL_XSPI_Abort	0	static
D:/Workspace/SDQRNG_V8Y/Middlewares/ST/STM32_ExtMem_Manager/sal/stm32_sal_xspi.c:1143:10:XSPI_FormatCommand	0	static
D:/Workspace/SDQRNG_V8Y/Middlewares/ST/STM32_ExtMem_Manager/sal/stm32_sal_xspi.c:711:19:SAL_XSPI_CommandSendAddress	96	static
D:/Workspace/SDQRNG_V8Y/Middlewares/ST/STM32_ExtMem_Manager/sal/stm32_sal_xspi.c:748:19:SAL_XSPI_CommandSendData	104	static
D:/Workspace/SDQRNG_V8Y/Middlewares/ST/STM32_ExtMem_Manager/sal/stm32_sal_xspi.c:791:19:SAL_XSPI_SendReadCommand	104	static
D:/Workspace/SDQRNG_V8Y/Middlewares/ST/STM32_ExtMem_Manager/sal/stm32_sal_xspi.c:837:19:SAL_XSPI_CommandSendReadAddress	104	static
D:/Workspace/SDQRNG_V8Y/Middlewares/ST/STM32_ExtMem_Manager/sal/stm32_sal_xspi.c:894:19:SAL_XSPI_CheckStatusRegister	120	static
D:/Workspace/SDQRNG_V8Y/Middlewares/ST/STM32_ExtMem_Manager/sal/stm32_sal_xspi.c:960:19:SAL_XSPI_ConfigureWrappMode	96	static
D:/Workspace/SDQRNG_V8Y/Middlewares/ST/STM32_ExtMem_Manager/sal/stm32_sal_xspi.c:994:19:SAL_XSPI_EnableMapMode	112	static
D:/Workspace/SDQRNG_V8Y/Middlewares/ST/STM32_ExtMem_Manager/sal/stm32_sal_xspi.c:1178:19:XSPI_Transmit	0	static
D:/Workspace/SDQRNG_V8Y/Middlewares/ST/STM32_ExtMem_Manager/sal/stm32_sal_xspi.c:671:19:SAL_XSPI_Write	104	static
D:/Workspace/SDQRNG_V8Y/Middlewares/ST/STM32_ExtMem_Manager/sal/stm32_sal_xspi.c:1220:19:XSPI_Receive	0	static
D:/Workspace/SDQRNG_V8Y/Middlewares/ST/STM32_ExtMem_Manager/sal/stm32_sal_xspi.c:602:19:SAL_XSPI_Read	104	static
