../Core_app/Drivers/SE05x/middleware/hostlib/inc/se05x_ecc_curves_inc.h:9:1:Se05x_API_CreateCurve_prime192v1	208	static
../Core_app/Drivers/SE05x/middleware/hostlib/inc/se05x_ecc_curves_inc.h:12:1:Se05x_API_CreateCurve_secp224r1	232	static
../Core_app/Drivers/SE05x/middleware/hostlib/inc/se05x_ecc_curves_inc.h:15:1:Se05x_API_CreateCurve_secp384r1	336	static
../Core_app/Drivers/SE05x/middleware/hostlib/inc/se05x_ecc_curves_inc.h:18:1:Se05x_API_CreateCurve_prime256v1	240	static
../Core_app/Drivers/SE05x/middleware/hostlib/inc/se05x_ecc_curves_inc.h:21:1:Se05x_API_CreateCurve_secp521r1	440	static
../Core_app/Drivers/SE05x/middleware/hostlib/inc/se05x_ecc_curves_inc.h:24:1:Se05x_API_CreateCurve_brainpoolP160r1	184	static
../Core_app/Drivers/SE05x/middleware/hostlib/inc/se05x_ecc_curves_inc.h:28:1:Se05x_API_CreateCurve_brainpoolP160t1	184	static
../Core_app/Drivers/SE05x/middleware/hostlib/inc/se05x_ecc_curves_inc.h:32:1:Se05x_API_CreateCurve_brainpoolP192r1	208	static
../Core_app/Drivers/SE05x/middleware/hostlib/inc/se05x_ecc_curves_inc.h:36:1:Se05x_API_CreateCurve_brainpoolP192t1	208	static
../Core_app/Drivers/SE05x/middleware/hostlib/inc/se05x_ecc_curves_inc.h:40:1:Se05x_API_CreateCurve_brainpoolP224r1	232	static
../Core_app/Drivers/SE05x/middleware/hostlib/inc/se05x_ecc_curves_inc.h:44:1:Se05x_API_CreateCurve_brainpoolP224t1	232	static
../Core_app/Drivers/SE05x/middleware/hostlib/inc/se05x_ecc_curves_inc.h:48:1:Se05x_API_CreateCurve_brainpoolP256r1	240	static
../Core_app/Drivers/SE05x/middleware/hostlib/inc/se05x_ecc_curves_inc.h:52:1:Se05x_API_CreateCurve_brainpoolP256t1	240	static
../Core_app/Drivers/SE05x/middleware/hostlib/inc/se05x_ecc_curves_inc.h:56:1:Se05x_API_CreateCurve_brainpoolP320r1	288	static
../Core_app/Drivers/SE05x/middleware/hostlib/inc/se05x_ecc_curves_inc.h:60:1:Se05x_API_CreateCurve_brainpoolP320t1	288	static
../Core_app/Drivers/SE05x/middleware/hostlib/inc/se05x_ecc_curves_inc.h:64:1:Se05x_API_CreateCurve_brainpoolP384r1	336	static
../Core_app/Drivers/SE05x/middleware/hostlib/inc/se05x_ecc_curves_inc.h:68:1:Se05x_API_CreateCurve_brainpoolP384t1	336	static
../Core_app/Drivers/SE05x/middleware/hostlib/inc/se05x_ecc_curves_inc.h:72:1:Se05x_API_CreateCurve_brainpoolP512r1	432	static
../Core_app/Drivers/SE05x/middleware/hostlib/inc/se05x_ecc_curves_inc.h:76:1:Se05x_API_CreateCurve_brainpoolP512t1	432	static
../Core_app/Drivers/SE05x/middleware/hostlib/inc/se05x_ecc_curves_inc.h:80:1:Se05x_API_CreateCurve_secp160k1	168	static
../Core_app/Drivers/SE05x/middleware/hostlib/inc/se05x_ecc_curves_inc.h:83:1:Se05x_API_CreateCurve_secp192k1	200	static
../Core_app/Drivers/SE05x/middleware/hostlib/inc/se05x_ecc_curves_inc.h:86:1:Se05x_API_CreateCurve_secp224k1	216	static
../Core_app/Drivers/SE05x/middleware/hostlib/inc/se05x_ecc_curves_inc.h:89:1:Se05x_API_CreateCurve_secp256k1	232	static
