../Core_app/Drivers/SE05x/middleware/hostlib/se05x/src/se05x_tlv.c:32:20:getErrorMessage	0	static
../Core_app/Drivers/SE05x/middleware/hostlib/se05x/src/se05x_tlv.c:59:5:tlvSet_U8	8	static
../Core_app/Drivers/SE05x/middleware/hostlib/se05x/src/se05x_tlv.c:80:5:tlvSet_U16Optional	4	static
../Core_app/Drivers/SE05x/middleware/hostlib/se05x/src/se05x_tlv.c:90:5:tlvSet_U16	4	static
../Core_app/Drivers/SE05x/middleware/hostlib/se05x/src/se05x_tlv.c:109:5:tlvSet_U32	8	static
../Core_app/Drivers/SE05x/middleware/hostlib/se05x/src/se05x_tlv.c:133:5:tlvSet_U64_size	32	static
../Core_app/Drivers/SE05x/middleware/hostlib/se05x/src/se05x_tlv.c:176:5:tlvSet_ECCurve	8	static
../Core_app/Drivers/SE05x/middleware/hostlib/se05x/src/se05x_tlv.c:218:5:tlvSet_u8buf	16	static
../Core_app/Drivers/SE05x/middleware/hostlib/se05x/src/se05x_tlv.c:155:5:tlvSet_Se05xPolicy	4	static
../Core_app/Drivers/SE05x/middleware/hostlib/se05x/src/se05x_tlv.c:185:5:tlvSet_u8bufOptional	4	static
../Core_app/Drivers/SE05x/middleware/hostlib/se05x/src/se05x_tlv.c:195:5:tlvSet_u8bufOptional_ByteShift	1064	static
../Core_app/Drivers/SE05x/middleware/hostlib/se05x/src/se05x_tlv.c:284:5:tlvSet_u8buf_features	64	static
../Core_app/Drivers/SE05x/middleware/hostlib/se05x/src/se05x_tlv.c:307:5:tlvGet_U8	8	static
../Core_app/Drivers/SE05x/middleware/hostlib/se05x/src/se05x_tlv.c:342:5:tlvSet_KeyID	8	static
../Core_app/Drivers/SE05x/middleware/hostlib/se05x/src/se05x_tlv.c:351:5:tlvSet_MaxAttemps	4	static
../Core_app/Drivers/SE05x/middleware/hostlib/se05x/src/se05x_tlv.c:360:5:tlvGet_SecureObjectType	4	static
../Core_app/Drivers/SE05x/middleware/hostlib/se05x/src/se05x_tlv.c:377:5:tlvGet_U16	12	static
../Core_app/Drivers/SE05x/middleware/hostlib/se05x/src/se05x_tlv.c:410:5:tlvGet_U32	8	static
../Core_app/Drivers/SE05x/middleware/hostlib/se05x/src/se05x_tlv.c:458:5:tlvGet_u8buf	16	static
../Core_app/Drivers/SE05x/middleware/hostlib/se05x/src/se05x_tlv.c:368:5:tlvGet_Result	24	static
../Core_app/Drivers/SE05x/middleware/hostlib/se05x/src/se05x_tlv.c:532:5:tlvGet_ValueIndex	4	static
../Core_app/Drivers/SE05x/middleware/hostlib/se05x/src/se05x_tlv.c:584:5:tlvGet_TimeStamp	24	static
../Core_app/Drivers/SE05x/middleware/hostlib/se05x/src/se05x_tlv.c:595:12:DoAPDUTx_s_Case3	1072	static
../Core_app/Drivers/SE05x/middleware/hostlib/se05x/src/se05x_tlv.c:617:12:DoAPDUTxRx_s_Case2	32	static
../Core_app/Drivers/SE05x/middleware/hostlib/se05x/src/se05x_tlv.c:642:12:DoAPDUTxRx_s_Case4	32	static
../Core_app/Drivers/SE05x/middleware/hostlib/se05x/src/se05x_tlv.c:667:12:DoAPDUTxRx_s_Case4_ext	32	static
../Core_app/Drivers/SE05x/middleware/hostlib/se05x/src/se05x_tlv.c:692:12:DoAPDUTxRx	48	static
../Core_app/Drivers/SE05x/middleware/hostlib/se05x/src/se05x_tlv.c:733:5:tlvSet_u8buf_I2CM	16	static
../Core_app/Drivers/SE05x/middleware/hostlib/se05x/src/se05x_tlv.c:771:12:se05x_Transform	24	static
../Core_app/Drivers/SE05x/middleware/hostlib/se05x/src/se05x_tlv.c:859:12:se05x_DeCrypt	16	static
../Core_app/Drivers/SE05x/middleware/hostlib/se05x/src/se05x_tlv.c:898:12:se05x_Transform_scp	128	static
