../Core_app/Middleware/PQC/pqclean/ml-dsa-44-clean/poly.c:311:21:rej_uniform	24	static
../Core_app/Middleware/PQC/pqclean/ml-dsa-44-clean/poly.c:387:21:rej_eta.constprop	32	static
../Core_app/Middleware/PQC/pqclean/ml-dsa-44-clean/poly.c:20:6:PQCLEAN_MLDSA44_CLEAN_poly_reduce	16	static
../Core_app/Middleware/PQC/pqclean/ml-dsa-44-clean/poly.c:39:6:PQCLEAN_MLDSA44_CLEAN_poly_caddq	16	static
../Core_app/Middleware/PQC/pqclean/ml-dsa-44-clean/poly.c:59:6:PQCLEAN_MLDSA44_CLEAN_poly_add	4	static
../Core_app/Middleware/PQC/pqclean/ml-dsa-44-clean/poly.c:81:6:PQCLEAN_MLDSA44_CLEAN_poly_sub	4	static
../Core_app/Middleware/PQC/pqclean/ml-dsa-44-clean/poly.c:100:6:PQCLEAN_MLDSA44_CLEAN_poly_shiftl	0	static
../Core_app/Middleware/PQC/pqclean/ml-dsa-44-clean/poly.c:119:6:PQCLEAN_MLDSA44_CLEAN_poly_ntt	0	static
../Core_app/Middleware/PQC/pqclean/ml-dsa-44-clean/poly.c:136:6:PQCLEAN_MLDSA44_CLEAN_poly_invntt_tomont	0	static
../Core_app/Middleware/PQC/pqclean/ml-dsa-44-clean/poly.c:155:6:PQCLEAN_MLDSA44_CLEAN_poly_pointwise_montgomery	24	static
../Core_app/Middleware/PQC/pqclean/ml-dsa-44-clean/poly.c:178:6:PQCLEAN_MLDSA44_CLEAN_poly_power2round	24	static
../Core_app/Middleware/PQC/pqclean/ml-dsa-44-clean/poly.c:202:6:PQCLEAN_MLDSA44_CLEAN_poly_decompose	24	static
../Core_app/Middleware/PQC/pqclean/ml-dsa-44-clean/poly.c:226:14:PQCLEAN_MLDSA44_CLEAN_poly_make_hint	24	static
../Core_app/Middleware/PQC/pqclean/ml-dsa-44-clean/poly.c:248:6:PQCLEAN_MLDSA44_CLEAN_poly_use_hint	24	static
../Core_app/Middleware/PQC/pqclean/ml-dsa-44-clean/poly.c:270:5:PQCLEAN_MLDSA44_CLEAN_poly_chknorm	0	static
../Core_app/Middleware/PQC/pqclean/ml-dsa-44-clean/poly.c:347:6:PQCLEAN_MLDSA44_CLEAN_poly_uniform	872	static
../Core_app/Middleware/PQC/pqclean/ml-dsa-44-clean/poly.c:426:6:PQCLEAN_MLDSA44_CLEAN_poly_uniform_eta	160	static
../Core_app/Middleware/PQC/pqclean/ml-dsa-44-clean/poly.c:480:6:PQCLEAN_MLDSA44_CLEAN_poly_challenge	168	static
../Core_app/Middleware/PQC/pqclean/ml-dsa-44-clean/poly.c:526:6:PQCLEAN_MLDSA44_CLEAN_polyeta_pack	28	static
../Core_app/Middleware/PQC/pqclean/ml-dsa-44-clean/poly.c:557:6:PQCLEAN_MLDSA44_CLEAN_polyeta_unpack	24	static
../Core_app/Middleware/PQC/pqclean/ml-dsa-44-clean/poly.c:594:6:PQCLEAN_MLDSA44_CLEAN_polyt1_pack	4	static
../Core_app/Middleware/PQC/pqclean/ml-dsa-44-clean/poly.c:618:6:PQCLEAN_MLDSA44_CLEAN_polyt1_unpack	0	static
../Core_app/Middleware/PQC/pqclean/ml-dsa-44-clean/poly.c:641:6:PQCLEAN_MLDSA44_CLEAN_polyt0_pack	48	static
../Core_app/Middleware/PQC/pqclean/ml-dsa-44-clean/poly.c:689:6:PQCLEAN_MLDSA44_CLEAN_polyt0_unpack	28	static
../Core_app/Middleware/PQC/pqclean/ml-dsa-44-clean/poly.c:753:6:PQCLEAN_MLDSA44_CLEAN_polyz_pack	32	static
../Core_app/Middleware/PQC/pqclean/ml-dsa-44-clean/poly.c:790:6:PQCLEAN_MLDSA44_CLEAN_polyz_unpack	12	static
../Core_app/Middleware/PQC/pqclean/ml-dsa-44-clean/poly.c:458:6:PQCLEAN_MLDSA44_CLEAN_poly_uniform_gamma1	696	static
../Core_app/Middleware/PQC/pqclean/ml-dsa-44-clean/poly.c:834:6:PQCLEAN_MLDSA44_CLEAN_polyw1_pack	0	static
