../Core_app/Middleware/PQC/pqclean/ml-dsa-44-clean/polyvec.c:16:6:PQCLEAN_MLDSA44_CLEAN_polyvec_matrix_expand	24	static
../Core_app/Middleware/PQC/pqclean/ml-dsa-44-clean/polyvec.c:38:6:PQCLEAN_MLDSA44_CLEAN_polyvecl_uniform_eta	24	static
../Core_app/Middleware/PQC/pqclean/ml-dsa-44-clean/polyvec.c:46:6:PQCLEAN_MLDSA44_CLEAN_polyvecl_uniform_gamma1	24	static
../Core_app/Middleware/PQC/pqclean/ml-dsa-44-clean/polyvec.c:54:6:PQCLEAN_MLDSA44_CLEAN_polyvecl_reduce	8	static
../Core_app/Middleware/PQC/pqclean/ml-dsa-44-clean/polyvec.c:72:6:PQCLEAN_MLDSA44_CLEAN_polyvecl_add	24	static
../Core_app/Middleware/PQC/pqclean/ml-dsa-44-clean/polyvec.c:88:6:PQCLEAN_MLDSA44_CLEAN_polyvecl_ntt	8	static
../Core_app/Middleware/PQC/pqclean/ml-dsa-44-clean/polyvec.c:96:6:PQCLEAN_MLDSA44_CLEAN_polyvecl_invntt_tomont	8	static
../Core_app/Middleware/PQC/pqclean/ml-dsa-44-clean/polyvec.c:104:6:PQCLEAN_MLDSA44_CLEAN_polyvecl_pointwise_poly_montgomery	24	static
../Core_app/Middleware/PQC/pqclean/ml-dsa-44-clean/polyvec.c:123:6:PQCLEAN_MLDSA44_CLEAN_polyvecl_pointwise_acc_montgomery	1048	static
../Core_app/Middleware/PQC/pqclean/ml-dsa-44-clean/polyvec.c:26:6:PQCLEAN_MLDSA44_CLEAN_polyvec_matrix_pointwise_montgomery	24	static
../Core_app/Middleware/PQC/pqclean/ml-dsa-44-clean/polyvec.c:148:5:PQCLEAN_MLDSA44_CLEAN_polyvecl_chknorm	16	static
../Core_app/Middleware/PQC/pqclean/ml-dsa-44-clean/polyvec.c:164:6:PQCLEAN_MLDSA44_CLEAN_polyveck_uniform_eta	24	static
../Core_app/Middleware/PQC/pqclean/ml-dsa-44-clean/polyvec.c:180:6:PQCLEAN_MLDSA44_CLEAN_polyveck_reduce	8	static
../Core_app/Middleware/PQC/pqclean/ml-dsa-44-clean/polyvec.c:196:6:PQCLEAN_MLDSA44_CLEAN_polyveck_caddq	8	static
../Core_app/Middleware/PQC/pqclean/ml-dsa-44-clean/polyvec.c:214:6:PQCLEAN_MLDSA44_CLEAN_polyveck_add	24	static
../Core_app/Middleware/PQC/pqclean/ml-dsa-44-clean/polyvec.c:233:6:PQCLEAN_MLDSA44_CLEAN_polyveck_sub	24	static
../Core_app/Middleware/PQC/pqclean/ml-dsa-44-clean/polyvec.c:249:6:PQCLEAN_MLDSA44_CLEAN_polyveck_shiftl	8	static
../Core_app/Middleware/PQC/pqclean/ml-dsa-44-clean/polyvec.c:265:6:PQCLEAN_MLDSA44_CLEAN_polyveck_ntt	8	static
../Core_app/Middleware/PQC/pqclean/ml-dsa-44-clean/polyvec.c:282:6:PQCLEAN_MLDSA44_CLEAN_polyveck_invntt_tomont	8	static
../Core_app/Middleware/PQC/pqclean/ml-dsa-44-clean/polyvec.c:290:6:PQCLEAN_MLDSA44_CLEAN_polyveck_pointwise_poly_montgomery	24	static
../Core_app/Middleware/PQC/pqclean/ml-dsa-44-clean/polyvec.c:311:5:PQCLEAN_MLDSA44_CLEAN_polyveck_chknorm	16	static
../Core_app/Middleware/PQC/pqclean/ml-dsa-44-clean/polyvec.c:337:6:PQCLEAN_MLDSA44_CLEAN_polyveck_power2round	24	static
../Core_app/Middleware/PQC/pqclean/ml-dsa-44-clean/polyvec.c:360:6:PQCLEAN_MLDSA44_CLEAN_polyveck_decompose	24	static
../Core_app/Middleware/PQC/pqclean/ml-dsa-44-clean/polyvec.c:379:14:PQCLEAN_MLDSA44_CLEAN_polyveck_make_hint	24	static
../Core_app/Middleware/PQC/pqclean/ml-dsa-44-clean/polyvec.c:401:6:PQCLEAN_MLDSA44_CLEAN_polyveck_use_hint	24	static
../Core_app/Middleware/PQC/pqclean/ml-dsa-44-clean/polyvec.c:409:6:PQCLEAN_MLDSA44_CLEAN_polyveck_pack_w1	16	static
