../Core_app/Middleware/PQC/pqclean/ml-dsa-44-clean/sign.c:23:5:PQCLEAN_MLDSA44_CLEAN_crypto_sign_keypair	37104	static
../Core_app/Middleware/PQC/pqclean/ml-dsa-44-clean/sign.c:84:5:PQCLEAN_MLDSA44_CLEAN_crypto_sign_signature_ctx	50536	static
../Core_app/Middleware/PQC/pqclean/ml-dsa-44-clean/sign.c:215:5:PQCLEAN_MLDSA44_CLEAN_crypto_sign_ctx	32	static
../Core_app/Middleware/PQC/pqclean/ml-dsa-44-clean/sign.c:248:5:PQCLEAN_MLDSA44_CLEAN_crypto_sign_verify_ctx	34760	static
../Core_app/Middleware/PQC/pqclean/ml-dsa-44-clean/sign.c:344:5:PQCLEAN_MLDSA44_CLEAN_crypto_sign_open_ctx	40	static
../Core_app/Middleware/PQC/pqclean/ml-dsa-44-clean/sign.c:378:5:PQCLEAN_MLDSA44_CLEAN_crypto_sign_signature	24	static
../Core_app/Middleware/PQC/pqclean/ml-dsa-44-clean/sign.c:386:5:PQCLEAN_MLDSA44_CLEAN_crypto_sign	32	static
../Core_app/Middleware/PQC/pqclean/ml-dsa-44-clean/sign.c:394:5:PQCLEAN_MLDSA44_CLEAN_crypto_sign_verify	24	static
../Core_app/Middleware/PQC/pqclean/ml-dsa-44-clean/sign.c:402:5:PQCLEAN_MLDSA44_CLEAN_crypto_sign_open	40	static
