../Core_app/Middleware/Security/SE052F/security_service_se052f.c:513:13:mgf1_mask	192	static
../Core_app/Middleware/Security/SE052F/security_service_se052f.c:331:13:ensure_ec_curve	40	static
../Core_app/Middleware/Security/SE052F/security_service_se052f.c:375:21:prepare_public_key_slot	32	static
../Core_app/Middleware/Security/SE052F/security_service_se052f.c:86:6:security_service_set_random_source	0	static
../Core_app/Middleware/Security/SE052F/security_service_se052f.c:104:6:se05x_port_host_random	8	static
../Core_app/Middleware/Security/SE052F/security_service_se052f.c:165:5:p256_generate_random	8	static
../Core_app/Middleware/Security/SE052F/security_service_se052f.c:652:14:security_service_init	256	static
../Core_app/Middleware/Security/SE052F/security_service_se052f.c:723:14:security_service_deinit	8	static
../Core_app/Middleware/Security/SE052F/security_service_se052f.c:739:6:security_service_is_ready	0	static
../Core_app/Middleware/Security/SE052F/security_service_se052f.c:744:14:security_service_get_random	8	static
../Core_app/Middleware/Security/SE052F/security_service_se052f.c:753:14:security_service_ensure_ec_keypair	56	static
../Core_app/Middleware/Security/SE052F/security_service_se052f.c:758:14:security_service_ensure_ec_keypair_ex	56	static
../Core_app/Middleware/Security/SE052F/security_service_se052f.c:806:14:security_service_ensure_rsa_keypair	104	static
../Core_app/Middleware/Security/SE052F/security_service_se052f.c:859:14:security_service_read_ec_public_key	24	static
../Core_app/Middleware/Security/SE052F/security_service_se052f.c:887:14:security_service_import_ec_public_key	56	static
../Core_app/Middleware/Security/SE052F/security_service_se052f.c:926:14:security_service_import_ec_keypair	64	static
../Core_app/Middleware/Security/SE052F/security_service_se052f.c:967:14:security_service_read_unique_id	32	static
../Core_app/Middleware/Security/SE052F/security_service_se052f.c:980:6:security_service_derives_in_chip	0	static
../Core_app/Middleware/Security/SE052F/security_service_se052f.c:989:14:security_service_generate_ephemeral_ec_keypair	16	static
../Core_app/Middleware/Security/SE052F/security_service_se052f.c:1056:14:security_service_ecdh_to_secret	0	static
../Core_app/Middleware/Security/SE052F/security_service_se052f.c:1090:14:security_service_hkdf_to_secret	0	static
../Core_app/Middleware/Security/SE052F/security_service_se052f.c:1119:14:security_service_hkdf_export	48	static
../Core_app/Middleware/Security/SE052F/security_service_se052f.c:1142:14:security_service_hmac_sha256_with_secret	40	static
../Core_app/Middleware/Security/SE052F/security_service_se052f.c:1155:14:security_service_ecdh_to_host	16	static
../Core_app/Middleware/Security/SE052F/security_service_se052f.c:1265:14:security_service_write_transient_hmac_key	56	static
../Core_app/Middleware/Security/SE052F/security_service_se052f.c:1280:14:security_service_import_rsa_public_key	112	static
../Core_app/Middleware/Security/SE052F/security_service_se052f.c:1347:14:security_service_read_rsa_public_key	40	static
../Core_app/Middleware/Security/SE052F/security_service_se052f.c:1374:14:security_service_delete_key	8	static
../Core_app/Middleware/Security/SE052F/security_service_se052f.c:1390:6:security_service_key_exists	16	static
../Core_app/Middleware/Security/SE052F/security_service_se052f.c:1406:14:security_service_store_secret	32	static
../Core_app/Middleware/Security/SE052F/security_service_se052f.c:1421:14:security_service_load_secret	24	static
../Core_app/Middleware/Security/SE052F/security_service_se052f.c:1437:14:security_service_sha256	32	static
../Core_app/Middleware/Security/SE052F/security_service_se052f.c:1454:14:security_service_ecdsa_sign	32	static
../Core_app/Middleware/Security/SE052F/security_service_se052f.c:1459:14:security_service_ecdsa_verify	40	static
../Core_app/Middleware/Security/SE052F/security_service_se052f.c:1465:14:security_service_ecdsa_sign_ex	32	static
../Core_app/Middleware/Security/SE052F/security_service_se052f.c:1488:14:security_service_ecdsa_verify_ex	40	static
../Core_app/Middleware/Security/SE052F/security_service_se052f.c:1517:14:security_service_rsa_sign_digest	784	static
../Core_app/Middleware/Security/SE052F/security_service_se052f.c:1574:14:security_service_rsa_verify_digest	1160	static
../Core_app/Middleware/Security/SE052F/security_service_se052f.c:1635:14:security_service_sign_message	80	static
../Core_app/Middleware/Security/SE052F/security_service_se052f.c:1647:14:security_service_verify_message	88	static
