../Core_app/Drivers/SE05x/middleware/hostlib/se05x_03_xx_xx/se05x_APDU_impl.h:23:12:Se05x_API_CreateSession	2120	static
../Core_app/Drivers/SE05x/middleware/hostlib/se05x_03_xx_xx/se05x_APDU_impl.h:60:12:Se05x_API_ExchangeSessionData	2096	static
../Core_app/Drivers/SE05x/middleware/hostlib/se05x_03_xx_xx/se05x_APDU_impl.h:85:12:Se05x_API_RefreshSession	1064	static
../Core_app/Drivers/SE05x/middleware/hostlib/se05x_03_xx_xx/se05x_APDU_impl.h:107:12:Se05x_API_CloseSession	1040	static
../Core_app/Drivers/SE05x/middleware/hostlib/se05x_03_xx_xx/se05x_APDU_impl.h:141:12:Se05x_API_VerifySessionUserID	1064	static
../Core_app/Drivers/SE05x/middleware/hostlib/se05x_03_xx_xx/se05x_APDU_impl.h:163:12:Se05x_API_SetLockState	1064	static
../Core_app/Drivers/SE05x/middleware/hostlib/se05x_03_xx_xx/se05x_APDU_impl.h:190:12:Se05x_API_SetPlatformSCPRequest	1056	static
../Core_app/Drivers/SE05x/middleware/hostlib/se05x_03_xx_xx/se05x_APDU_impl.h:213:12:Se05x_API_SetAppletFeatures	1056	static
../Core_app/Drivers/SE05x/middleware/hostlib/se05x_03_xx_xx/se05x_APDU_impl.h:236:12:Se05x_API_WriteECKey	1080	static
../Core_app/Drivers/SE05x/middleware/hostlib/se05x_03_xx_xx/se05x_APDU_impl.h:298:12:Se05x_API_WriteRSAKey	1080	static
../Core_app/Drivers/SE05x/middleware/hostlib/se05x_03_xx_xx/se05x_APDU_impl.h:393:12:Se05x_API_WriteSymmKey	1072	static
../Core_app/Drivers/SE05x/middleware/hostlib/se05x_03_xx_xx/se05x_APDU_impl.h:441:12:Se05x_API_WriteBinary	1080	static
../Core_app/Drivers/SE05x/middleware/hostlib/se05x_03_xx_xx/se05x_APDU_impl.h:487:12:Se05x_API_WriteUserID	1072	static
../Core_app/Drivers/SE05x/middleware/hostlib/se05x_03_xx_xx/se05x_APDU_impl.h:529:12:Se05x_API_CreateCounter	1072	static
../Core_app/Drivers/SE05x/middleware/hostlib/se05x_03_xx_xx/se05x_APDU_impl.h:565:12:Se05x_API_SetCounterValue	1088	static
../Core_app/Drivers/SE05x/middleware/hostlib/se05x_03_xx_xx/se05x_APDU_impl.h:602:12:Se05x_API_IncCounter	1056	static
../Core_app/Drivers/SE05x/middleware/hostlib/se05x_03_xx_xx/se05x_APDU_impl.h:640:12:Se05x_API_WritePCR_WithType	1072	static
../Core_app/Drivers/SE05x/middleware/hostlib/se05x_03_xx_xx/se05x_APDU_impl.h:627:12:Se05x_API_WritePCR	24	static
../Core_app/Drivers/SE05x/middleware/hostlib/se05x_03_xx_xx/se05x_APDU_impl.h:683:12:Se05x_API_ImportObject	1072	static
../Core_app/Drivers/SE05x/middleware/hostlib/se05x_03_xx_xx/se05x_APDU_impl.h:720:12:Se05x_API_ImportExternalObject	1072	static
../Core_app/Drivers/SE05x/middleware/hostlib/se05x_03_xx_xx/se05x_APDU_impl.h:759:12:Se05x_API_ReadObject	2120	static
../Core_app/Drivers/SE05x/middleware/hostlib/se05x_03_xx_xx/se05x_APDU_impl.h:809:12:Se05x_API_ReadObject_W_Attst_V2	2128	static
../Core_app/Drivers/SE05x/middleware/hostlib/se05x_03_xx_xx/se05x_APDU_impl.h:1019:12:Se05x_API_ReadRSA	2128	static
../Core_app/Drivers/SE05x/middleware/hostlib/se05x_03_xx_xx/se05x_APDU_impl.h:1074:12:Se05x_API_ReadRSA_W_Attst_V2	2128	static
../Core_app/Drivers/SE05x/middleware/hostlib/se05x_03_xx_xx/se05x_APDU_impl.h:1290:12:Se05x_API_ExportObject	2120	static
../Core_app/Drivers/SE05x/middleware/hostlib/se05x_03_xx_xx/se05x_APDU_impl.h:1332:12:Se05x_API_ReadType	2120	static
../Core_app/Drivers/SE05x/middleware/hostlib/se05x_03_xx_xx/se05x_APDU_impl.h:1378:12:Se05x_API_ReadSize	2112	static
../Core_app/Drivers/SE05x/middleware/hostlib/se05x_03_xx_xx/se05x_APDU_impl.h:1414:12:Se05x_API_ReadIDList	2120	static
../Core_app/Drivers/SE05x/middleware/hostlib/se05x_03_xx_xx/se05x_APDU_impl.h:1468:12:Se05x_API_CheckObjectExists	2112	static
../Core_app/Drivers/SE05x/middleware/hostlib/se05x_03_xx_xx/se05x_APDU_impl.h:1506:12:Se05x_API_DeleteSecureObject	1056	static
../Core_app/Drivers/SE05x/middleware/hostlib/se05x_03_xx_xx/se05x_APDU_impl.h:1530:12:Se05x_API_CreateECCurve	1056	static
../Core_app/Drivers/SE05x/middleware/hostlib/se05x_03_xx_xx/se05x_APDU_impl.h:1552:12:Se05x_API_SetECCurveParam	1072	static
../Core_app/Drivers/SE05x/middleware/hostlib/se05x_03_xx_xx/se05x_APDU_impl.h:1587:12:Se05x_API_GetECCurveId	2112	static
../Core_app/Drivers/SE05x/middleware/hostlib/se05x_03_xx_xx/se05x_APDU_impl.h:1623:12:Se05x_API_ReadECCurveList	2104	static
../Core_app/Drivers/SE05x/middleware/hostlib/se05x_03_xx_xx/se05x_APDU_impl.h:1654:12:Se05x_API_DeleteECCurve	1056	static
../Core_app/Drivers/SE05x/middleware/hostlib/se05x_03_xx_xx/se05x_APDU_impl.h:1677:12:Se05x_API_CreateCryptoObject	1064	static
../Core_app/Drivers/SE05x/middleware/hostlib/se05x_03_xx_xx/se05x_APDU_impl.h:1716:12:Se05x_API_ReadCryptoObjectList	2104	static
../Core_app/Drivers/SE05x/middleware/hostlib/se05x_03_xx_xx/se05x_APDU_impl.h:1748:12:Se05x_API_DeleteCryptoObject	1056	static
../Core_app/Drivers/SE05x/middleware/hostlib/se05x_03_xx_xx/se05x_APDU_impl.h:1771:12:Se05x_API_ECDSASign	2120	static
../Core_app/Drivers/SE05x/middleware/hostlib/se05x_03_xx_xx/se05x_APDU_impl.h:1821:12:Se05x_API_EdDSASign	0	static
../Core_app/Drivers/SE05x/middleware/hostlib/se05x_03_xx_xx/se05x_APDU_impl.h:1871:12:Se05x_API_ECDSAVerify	2120	static
../Core_app/Drivers/SE05x/middleware/hostlib/se05x_03_xx_xx/se05x_APDU_impl.h:1926:12:Se05x_API_EdDSAVerify	0	static
../Core_app/Drivers/SE05x/middleware/hostlib/se05x_03_xx_xx/se05x_APDU_impl.h:1981:12:Se05x_API_ECDHGenerateSharedSecret	2120	static
../Core_app/Drivers/SE05x/middleware/hostlib/se05x_03_xx_xx/se05x_APDU_impl.h:2026:12:Se05x_API_RSASign	2120	static
../Core_app/Drivers/SE05x/middleware/hostlib/se05x_03_xx_xx/se05x_APDU_impl.h:2076:12:Se05x_API_RSAVerify	0	static
../Core_app/Drivers/SE05x/middleware/hostlib/se05x_03_xx_xx/se05x_APDU_impl.h:2131:12:Se05x_API_RSAEncrypt	2120	static
../Core_app/Drivers/SE05x/middleware/hostlib/se05x_03_xx_xx/se05x_APDU_impl.h:2181:12:Se05x_API_RSADecrypt	2120	static
../Core_app/Drivers/SE05x/middleware/hostlib/se05x_03_xx_xx/se05x_APDU_impl.h:2231:12:Se05x_API_CipherInit	2128	static
../Core_app/Drivers/SE05x/middleware/hostlib/se05x_03_xx_xx/se05x_APDU_impl.h:2311:12:Se05x_API_CipherUpdate	2120	static
../Core_app/Drivers/SE05x/middleware/hostlib/se05x_03_xx_xx/se05x_APDU_impl.h:2357:12:Se05x_API_CipherFinal	2120	static
../Core_app/Drivers/SE05x/middleware/hostlib/se05x_03_xx_xx/se05x_APDU_impl.h:2403:12:Se05x_API_CipherOneShot	2128	static
../Core_app/Drivers/SE05x/middleware/hostlib/se05x_03_xx_xx/se05x_APDU_impl.h:2494:12:Se05x_API_MACInit	1064	static
../Core_app/Drivers/SE05x/middleware/hostlib/se05x_03_xx_xx/se05x_APDU_impl.h:2524:12:Se05x_API_MACUpdate	1072	static
../Core_app/Drivers/SE05x/middleware/hostlib/se05x_03_xx_xx/se05x_APDU_impl.h:2553:12:Se05x_API_MACFinal	2120	static
../Core_app/Drivers/SE05x/middleware/hostlib/se05x_03_xx_xx/se05x_APDU_impl.h:2606:12:Se05x_API_MACOneShot_G	2120	static
../Core_app/Drivers/SE05x/middleware/hostlib/se05x_03_xx_xx/se05x_APDU_impl.h:2656:12:Se05x_API_MACOneShot_V	2120	static
../Core_app/Drivers/SE05x/middleware/hostlib/se05x_03_xx_xx/se05x_APDU_impl.h:2713:12:Se05x_API_HKDF	2128	static
../Core_app/Drivers/SE05x/middleware/hostlib/se05x_03_xx_xx/se05x_APDU_impl.h:2777:12:Se05x_API_HKDF_Extended	2128	static
../Core_app/Drivers/SE05x/middleware/hostlib/se05x_03_xx_xx/se05x_APDU_impl.h:2874:12:Se05x_API_PBKDF2	2128	static
../Core_app/Drivers/SE05x/middleware/hostlib/se05x_03_xx_xx/se05x_APDU_impl.h:2932:12:Se05x_API_DFDiversifyKey	1072	static
../Core_app/Drivers/SE05x/middleware/hostlib/se05x_03_xx_xx/se05x_APDU_impl.h:2966:12:Se05x_API_DFAuthenticateFirstPart1	2120	static
../Core_app/Drivers/SE05x/middleware/hostlib/se05x_03_xx_xx/se05x_APDU_impl.h:3011:12:Se05x_API_DFAuthenticateNonFirstPart1	2120	static
../Core_app/Drivers/SE05x/middleware/hostlib/se05x_03_xx_xx/se05x_APDU_impl.h:3056:12:Se05x_API_DFAuthenticateFirstPart2	2120	static
../Core_app/Drivers/SE05x/middleware/hostlib/se05x_03_xx_xx/se05x_APDU_impl.h:3096:12:Se05x_API_DFAuthenticateNonFirstPart2	1064	static
../Core_app/Drivers/SE05x/middleware/hostlib/se05x_03_xx_xx/se05x_APDU_impl.h:3119:12:Se05x_API_DFDumpSessionKeys	2104	static
../Core_app/Drivers/SE05x/middleware/hostlib/se05x_03_xx_xx/se05x_APDU_impl.h:3155:12:Se05x_API_DFChangeKeyPart1	2128	static
../Core_app/Drivers/SE05x/middleware/hostlib/se05x_03_xx_xx/se05x_APDU_impl.h:3214:12:Se05x_API_DFChangeKeyPart2	2120	static
../Core_app/Drivers/SE05x/middleware/hostlib/se05x_03_xx_xx/se05x_APDU_impl.h:3250:12:Se05x_API_DFKillAuthentication	1040	static
../Core_app/Drivers/SE05x/middleware/hostlib/se05x_03_xx_xx/se05x_APDU_impl.h:3267:12:Se05x_API_TLSGenerateRandom	2104	static
../Core_app/Drivers/SE05x/middleware/hostlib/se05x_03_xx_xx/se05x_APDU_impl.h:3298:12:Se05x_API_TLSCalculatePreMasterSecret	1072	static
../Core_app/Drivers/SE05x/middleware/hostlib/se05x_03_xx_xx/se05x_APDU_impl.h:3339:12:Se05x_API_TLSPerformPRF	2128	static
../Core_app/Drivers/SE05x/middleware/hostlib/se05x_03_xx_xx/se05x_APDU_impl.h:3404:12:Se05x_API_I2CM_ExecuteCommandSet	2128	static
../Core_app/Drivers/SE05x/middleware/hostlib/se05x_03_xx_xx/se05x_APDU_impl.h:3581:12:Se05x_API_DigestInit	1056	static
../Core_app/Drivers/SE05x/middleware/hostlib/se05x_03_xx_xx/se05x_APDU_impl.h:3604:12:Se05x_API_DigestUpdate	1072	static
../Core_app/Drivers/SE05x/middleware/hostlib/se05x_03_xx_xx/se05x_APDU_impl.h:3632:12:Se05x_API_DigestFinal	2120	static
../Core_app/Drivers/SE05x/middleware/hostlib/se05x_03_xx_xx/se05x_APDU_impl.h:3678:12:Se05x_API_DigestOneShot	2120	static
../Core_app/Drivers/SE05x/middleware/hostlib/se05x_03_xx_xx/se05x_APDU_impl.h:3723:12:Se05x_API_GetVersion	2104	static
../Core_app/Drivers/SE05x/middleware/hostlib/se05x_03_xx_xx/se05x_APDU_impl.h:3754:12:Se05x_API_GetTimestamp	2096	static
../Core_app/Drivers/SE05x/middleware/hostlib/se05x_03_xx_xx/se05x_APDU_impl.h:3785:12:Se05x_API_GetFreeMemory	2112	static
../Core_app/Drivers/SE05x/middleware/hostlib/se05x_03_xx_xx/se05x_APDU_impl.h:3835:12:Se05x_API_GetRandom	2120	static
../Core_app/Drivers/SE05x/middleware/hostlib/se05x_03_xx_xx/se05x_APDU_impl.h:3872:12:Se05x_API_DeleteAll	1040	static
../Core_app/Drivers/SE05x/middleware/hostlib/se05x_03_xx_xx/se05x_04_xx_APDU_impl.h:25:12:Se05x_API_AeadOneShot	2136	static
../Core_app/Drivers/SE05x/middleware/hostlib/se05x_03_xx_xx/se05x_04_xx_APDU_impl.h:145:12:Se05x_API_AeadInit	2128	static
../Core_app/Drivers/SE05x/middleware/hostlib/se05x_03_xx_xx/se05x_04_xx_APDU_impl.h:221:12:Se05x_API_AeadCCMInit	2128	static
../Core_app/Drivers/SE05x/middleware/hostlib/se05x_03_xx_xx/se05x_04_xx_APDU_impl.h:329:12:Se05x_API_AeadUpdate_aad	1072	static
../Core_app/Drivers/SE05x/middleware/hostlib/se05x_03_xx_xx/se05x_04_xx_APDU_impl.h:356:12:Se05x_API_AeadUpdate	2120	static
../Core_app/Drivers/SE05x/middleware/hostlib/se05x_03_xx_xx/se05x_04_xx_APDU_impl.h:402:12:Se05x_API_AeadCCMLastUpdate	1072	static
../Core_app/Drivers/SE05x/middleware/hostlib/se05x_03_xx_xx/se05x_04_xx_APDU_impl.h:430:12:Se05x_API_AeadCCMFinal	2128	static
../Core_app/Drivers/SE05x/middleware/hostlib/se05x_03_xx_xx/se05x_04_xx_APDU_impl.h:503:12:Se05x_API_AeadFinal	2128	static
../Core_app/Drivers/SE05x/middleware/hostlib/se05x_03_xx_xx/se05x_04_xx_APDU_impl.h:568:12:Se05x_API_DisableObjCreation	1064	static
../Core_app/Drivers/SE05x/middleware/hostlib/se05x_03_xx_xx/se05x_04_xx_APDU_impl.h:598:12:Se05x_API_TriggerSelfTest	2112	static
../Core_app/Drivers/SE05x/middleware/hostlib/se05x_03_xx_xx/se05x_04_xx_APDU_impl.h:637:12:Se05x_API_TriggerSelfTest_W_Attst	2120	static
../Core_app/Drivers/SE05x/middleware/hostlib/se05x_03_xx_xx/se05x_04_xx_APDU_impl.h:807:12:Se05x_API_ReadObjectAttributes	2120	static
../Core_app/Drivers/SE05x/middleware/hostlib/se05x_03_xx_xx/se05x_04_xx_APDU_impl.h:850:12:Se05x_API_ReadObjectAttributes_W_Attst_V2	2120	static
../Core_app/Drivers/SE05x/middleware/hostlib/se05x_03_xx_xx/se05x_04_xx_APDU_impl.h:1025:12:Se05x_API_ECDHGenerateSharedSecret_InObject	2104	static
../Core_app/Drivers/SE05x/middleware/hostlib/se05x_03_xx_xx/se05x_04_xx_APDU_impl.h:1069:12:Se05x_API_TLSCalculateRsaPreMasterSecret	1072	static
../Core_app/Drivers/SE05x/middleware/hostlib/se05x_03_xx_xx/se05x_04_xx_APDU_impl.h:1116:12:Se05x_API_WriteRSAKey_Ver	1072	static
../Core_app/Drivers/SE05x/middleware/hostlib/se05x_03_xx_xx/se05x_04_xx_APDU_impl.h:1206:12:Se05x_API_WriteECKey_Ver	1080	static
../Core_app/Drivers/SE05x/middleware/hostlib/se05x_03_xx_xx/se05x_04_xx_APDU_impl.h:1264:12:Se05x_API_WriteSymmKey_Ver	1080	static
../Core_app/Drivers/SE05x/middleware/hostlib/se05x_03_xx_xx/se05x_04_xx_APDU_impl.h:1325:12:Se05x_API_WriteBinary_Ver	1080	static
../Core_app/Drivers/SE05x/middleware/hostlib/se05x_03_xx_xx/se05x_04_xx_APDU_impl.h:1375:12:Se05x_API_ReadState	2104	static
../Core_app/Drivers/SE05x/middleware/hostlib/se05x_03_xx_xx/se05x_04_xx_APDU_impl.h:1406:12:Se05x_API_GetExtVersion	2104	static
../Core_app/Drivers/SE05x/middleware/hostlib/se05x_03_xx_xx/se05x_04_xx_APDU_impl.h:1437:12:Se05x_API_SendCardManagerCmd	2120	static
../Core_app/Drivers/SE05x/middleware/hostlib/se05x_03_xx_xx/se05x_04_xx_APDU_impl.h:1474:12:Se05x_API_UpdateRSAKey_Ver	1080	static
../Core_app/Drivers/SE05x/middleware/hostlib/se05x_03_xx_xx/se05x_04_xx_APDU_impl.h:1567:12:Se05x_API_UpdateECKey_Ver	1080	static
../Core_app/Drivers/SE05x/middleware/hostlib/se05x_03_xx_xx/se05x_04_xx_APDU_impl.h:1630:12:Se05x_API_UpdateBinary_Ver	1080	static
../Core_app/Drivers/SE05x/middleware/hostlib/se05x_03_xx_xx/se05x_04_xx_APDU_impl.h:1680:12:Se05x_API_UpdateSymmKey_Ver	1072	static
../Core_app/Drivers/SE05x/middleware/hostlib/se05x_03_xx_xx/se05x_04_xx_APDU_impl.h:1732:12:Se05x_API_UpdatePCR	1072	static
../Core_app/Drivers/SE05x/middleware/hostlib/se05x_03_xx_xx/se05x_04_xx_APDU_impl.h:1764:12:Se05x_API_UpdateCounter	1088	static
../Core_app/Drivers/SE05x/middleware/hostlib/se05x_03_xx_xx/se05x_04_xx_APDU_impl.h:1806:12:Se05x_API_WriteSymmKey_Ver_extended	1080	static
../Core_app/Drivers/SE05x/middleware/hostlib/se05x_03_xx_xx/se05x_04_xx_APDU_impl.h:1875:12:Se05x_API_PBKDF2_extended	2136	static
../Core_app/Drivers/SE05x/middleware/hostlib/se05x_03_xx_xx/se05x_04_xx_APDU_impl.h:1962:12:Se05x_API_ECDHGenerateSharedSecret_InObject_extended	2112	static
../Core_app/Drivers/SE05x/middleware/hostlib/se05x_03_xx_xx/se05x_04_xx_APDU_impl.h:2012:12:Se05x_API_ECPointMultiply_InputObj	2128	static
../Core_app/Drivers/SE05x/middleware/hostlib/se05x_03_xx_xx/se05x_04_xx_APDU_impl.h:2077:12:Se05x_API_RSASign_WithSalt	2128	static
../Core_app/Drivers/SE05x/middleware/hostlib/se05x_03_xx_xx/se05x_04_xx_APDU_impl.h:2141:12:Se05x_API_RSAVerify_WithSalt	2128	static
../Core_app/Drivers/SE05x/middleware/hostlib/se05x_03_xx_xx/se05x_APDU.c:55:12:Se05x_API_I2CM_Send	2120	static
